Analyzing chronospark...                                        

warning - The type argument(s) of the function 'watch' can't be inferred. Use explicit type argument(s) for 'watch' - lib\app\navigation_shell.dart:96:22 - inference_failure_on_function_invocation
   info - Method invocation or property access on a 'dynamic' target. Try giving the target a type - lib\app\navigation_shell.dart:136:37 - avoid_dynamic_calls
warning - The type argument(s) of the function 'read' can't be inferred. Use explicit type argument(s) for 'read' - lib\app\navigation_shell.dart:136:41 - inference_failure_on_function_invocation
   info - Method invocation or property access on a 'dynamic' target. Try giving the target a type - lib\app\router\app_router.dart:280:5 - avoid_dynamic_calls
warning - The type argument(s) of the function 'read' can't be inferred. Use explicit type argument(s) for 'read' - lib\app\router\app_router.dart:280:9 - inference_failure_on_function_invocation
  error - 'ChronoForegroundHandler.onStart' ('void Function(DateTime, SendPort?)') isn't a valid override of 'TaskHandler.onStart' ('Future<void> Function(DateTime, TaskStarter)') - lib\core\lifecycle\foreground_handler.dart:12:8 - invalid_override
  error - 'ChronoForegroundHandler.onRepeatEvent' ('void Function(DateTime, SendPort?)') isn't a valid override of 'TaskHandler.onRepeatEvent' ('void Function(DateTime)') - lib\core\lifecycle\foreground_handler.dart:17:8 - invalid_override
  error - 'ChronoForegroundHandler.onDestroy' ('void Function(DateTime, SendPort?)') isn't a valid override of 'TaskHandler.onDestroy' ('Future<void> Function(DateTime, bool)') - lib\core\lifecycle\foreground_handler.dart:22:8 - invalid_override
  error - The named parameter 'isSticky' isn't defined. Try correcting the name to an existing named parameter's name, or defining a named parameter with the name 'isSticky' - lib\core\lifecycle\foreground_service.dart:33:9 - undefined_named_parameter
  error - The named parameter 'eventAction' is required, but there's no corresponding argument. Try adding the required argument - lib\core\lifecycle\foreground_service.dart:40:36 - missing_required_argument
  error - The named parameter 'interval' isn't defined. Try correcting the name to an existing named parameter's name, or defining a named parameter with the name 'interval' - lib\core\lifecycle\foreground_service.dart:41:9 - undefined_named_parameter
  error - The named parameter 'isOnceEvent' isn't defined. Try correcting the name to an existing named parameter's name, or defining a named parameter with the name 'isOnceEvent' - lib\core\lifecycle\foreground_service.dart:42:9 - undefined_named_parameter
  error - The type 'AppObserver' must be 'base', 'final' or 'sealed' because the supertype 'ProviderObserver' is 'base' - lib\core\observers\riverpod_observer.dart:4:7 - subtype_of_base_or_final_is_not_base_final_or_sealed
  error - 'AppObserver.didAddProvider' ('void Function(InvalidType, Object?, ProviderContainer)') isn't a valid override of 'ProviderObserver.didAddProvider' ('void Function(ProviderObserverContext, Object?)') - lib\core\observers\riverpod_observer.dart:6:8 - invalid_override
  error - Undefined class 'ProviderBase'. Try changing the name to the name of an existing class, or creating a class with the name 'ProviderBase' - lib\core\observers\riverpod_observer.dart:7:5 - undefined_class
   info - The parameter name 'provider' doesn't match the name 'context' in the overridden method. Try changing the name to 'context' - lib\core\observers\riverpod_observer.dart:7:27 - avoid_renaming_method_parameters
  error - 'AppObserver.didUpdateProvider' ('void Function(InvalidType, Object?, Object?, ProviderContainer)') isn't a valid override of 'ProviderObserver.didUpdateProvider' ('void Function(ProviderObserverContext, Object?, Object?)') - lib\core\observers\riverpod_observer.dart:15:8 - invalid_override
  error - Undefined class 'ProviderBase'. Try changing the name to the name of an existing class, or creating a class with the name 'ProviderBase' - lib\core\observers\riverpod_observer.dart:16:5 - undefined_class
   info - The parameter name 'provider' doesn't match the name 'context' in the overridden method. Try changing the name to 'context' - lib\core\observers\riverpod_observer.dart:16:27 - avoid_renaming_method_parameters
  error - 'AppObserver.didDisposeProvider' ('void Function(InvalidType, ProviderContainer)') isn't a valid override of 'ProviderObserver.didDisposeProvider' ('void Function(ProviderObserverContext)') - lib\core\observers\riverpod_observer.dart:25:8 - invalid_override
  error - Undefined class 'ProviderBase'. Try changing the name to the name of an existing class, or creating a class with the name 'ProviderBase' - lib\core\observers\riverpod_observer.dart:26:5 - undefined_class
   info - The parameter name 'provider' doesn't match the name 'context' in the overridden method. Try changing the name to 'context' - lib\core\observers\riverpod_observer.dart:26:27 - avoid_renaming_method_parameters
  error - 'AppObserver.providerDidFail' ('void Function(InvalidType, Object, StackTrace, ProviderContainer)') isn't a valid override of 'ProviderObserver.providerDidFail' ('void Function(ProviderObserverContext, Object, StackTrace)') - lib\core\observers\riverpod_observer.dart:36:8 - invalid_override
  error - Undefined class 'ProviderBase'. Try changing the name to the name of an existing class, or creating a class with the name 'ProviderBase' - lib\core\observers\riverpod_observer.dart:37:5 - undefined_class
   info - The parameter name 'provider' doesn't match the name 'context' in the overridden method. Try changing the name to 'context' - lib\core\observers\riverpod_observer.dart:37:27 - avoid_renaming_method_parameters
  error - The name 'AutoDisposeProvider' isn't a class. Try correcting the name to match an existing class - lib\data\di\repositories_providers.g.dart:13:32 - creation_with_non_type
  error - Undefined class 'AutoDisposeProviderRef'. Try changing the name to the name of an existing class, or creating a class with the name 'AutoDisposeProviderRef' - lib\data\di\repositories_providers.g.dart:25:29 - undefined_class
  error - The class 'GoogleSignIn' doesn't have an unnamed constructor. Try using one of the named constructors defined in 'GoogleSignIn' - lib\data\services\auth_service.dart:81:53 - new_with_undefined_constructor_default
  error - The method 'signIn' isn't defined for the type 'GoogleSignIn'. Try correcting the name to the name of an existing method, or defining a method named 'signIn' - lib\data\services\auth_service.dart:81:68 - undefined_method
   info - Uses 'await' on an instance of 'GoogleSignInAuthentication', which is not a subtype of 'Future'. Try removing the 'await' or changing the expression - lib\data\services\auth_service.dart:89:53 - await_only_futures
  error - The getter 'accessToken' isn't defined for the type 'GoogleSignInAuthentication'. Try importing the library that defines 'accessToken', correcting the name to the name of an existing getter, or defining a getter or field named 'accessToken' - lib\data\services\auth_service.dart:91:46 - undefined_getter
  error - The function 'StateNotifierProvider' isn't defined. Try importing the library that defines 'StateNotifierProvider', correcting the name to the name of an existing function, or defining a function named 'StateNotifierProvider' - lib\features\coach\state\chat_provider.dart:10:22 - undefined_function
warning - The type of 'ref' can't be inferred; a type must be explicitly provided. Try specifying the type of the parameter - lib\features\coach\state\chat_provider.dart:11:4 - inference_failure_on_untyped_parameter
  error - The argument type 'dynamic' can't be assigned to the parameter type 'Ref'.  - lib\features\coach\state\chat_provider.dart:11:27 - argument_type_not_assignable
  error - Classes can only extend other classes. Try specifying a different superclass, or removing the extends clause - lib\features\coach\state\chat_provider.dart:14:30 - extends_non_class
warning - The type argument(s) of 'List' can't be inferred. Use explicit type argument(s) for 'List' - lib\features\coach\state\chat_provider.dart:15:37 - inference_failure_on_collection_literal
  error - Too many positional arguments: 0 expected, but 1 found. Try removing the extra arguments - lib\features\coach\state\chat_provider.dart:15:37 - extra_positional_arguments
warning - The type argument(s) of the function 'read' can't be inferred. Use explicit type argument(s) for 'read' - lib\features\coach\state\chat_provider.dart:23:21 - inference_failure_on_function_invocation
warning - The type argument(s) of the function 'read' can't be inferred. Use explicit type argument(s) for 'read' - lib\features\coach\state\chat_provider.dart:24:27 - inference_failure_on_function_invocation
warning - The type argument(s) of the function 'read' can't be inferred. Use explicit type argument(s) for 'read' - lib\features\coach\state\chat_provider.dart:25:30 - inference_failure_on_function_invocation
  error - The argument type 'dynamic' can't be assigned to the parameter type 'SIState'.  - lib\features\coach\state\chat_provider.dart:29:37 - argument_type_not_assignable
  error - The argument type 'dynamic' can't be assigned to the parameter type 'LearningState'.  - lib\features\coach\state\chat_provider.dart:29:51 - argument_type_not_assignable
  error - The argument type 'dynamic' can't be assigned to the parameter type 'AIPersonality'.  - lib\features\coach\state\chat_provider.dart:29:74 - argument_type_not_assignable
warning - The type argument(s) of the function 'read' can't be inferred. Use explicit type argument(s) for 'read' - lib\features\coach\state\chat_provider.dart:56:27 - inference_failure_on_function_invocation
warning - The type argument(s) of the function 'read' can't be inferred. Use explicit type argument(s) for 'read' - lib\features\coach\state\chat_provider.dart:57:30 - inference_failure_on_function_invocation
  error - The argument type 'dynamic' can't be assigned to the parameter type 'LearningState'.  - lib\features\coach\state\chat_provider.dart:65:21 - argument_type_not_assignable
  error - The argument type 'dynamic' can't be assigned to the parameter type 'AIPersonality'.  - lib\features\coach\state\chat_provider.dart:66:24 - argument_type_not_assignable
  error - Undefined name 'state'. Try correcting the name to one that is defined, or defining the name - lib\features\coach\state\chat_provider.dart:79:38 - undefined_identifier
  error - Undefined name 'state'. Try correcting the name to one that is defined, or defining the name - lib\features\coach\state\chat_provider.dart:79:50 - undefined_identifier
   info - Method invocation or property access on a 'dynamic' target. Try giving the target a type - lib\features\coach\ui\coach_screen.dart:31:5 - avoid_dynamic_calls
warning - The type argument(s) of the function 'read' can't be inferred. Use explicit type argument(s) for 'read' - lib\features\coach\ui\coach_screen.dart:31:9 - inference_failure_on_function_invocation
warning - The type argument(s) of the function 'watch' can't be inferred. Use explicit type argument(s) for 'watch' - lib\features\coach\ui\coach_screen.dart:47:26 - inference_failure_on_function_invocation
   info - Method invocation or property access on a 'dynamic' target. Try giving the target a type - lib\features\coach\ui\coach_screen.dart:72:20 - avoid_dynamic_calls
  error - Conditions must have a static type of 'bool'. Try changing the condition - lib\features\coach\ui\coach_screen.dart:72:20 - non_bool_condition
   info - Method invocation or property access on a 'dynamic' target. Try giving the target a type - lib\features\coach\ui\coach_screen.dart:85:32 - avoid_dynamic_calls
  error - The argument type 'dynamic' can't be assigned to the parameter type 'int?'.  - lib\features\coach\ui\coach_screen.dart:85:32 - argument_type_not_assignable
   info - Method invocation or property access on a 'dynamic' target. Try giving the target a type - lib\features\coach\ui\coach_screen.dart:87:35 - avoid_dynamic_calls
   info - Method invocation or property access on a 'dynamic' target. Try giving the target a type - lib\features\coach\ui\coach_screen.dart:88:30 - avoid_dynamic_calls
   info - Method invocation or property access on a 'dynamic' target. Try giving the target a type - lib\features\coach\ui\coach_screen.dart:89:48 - avoid_dynamic_calls
  error - The argument type 'dynamic' can't be assigned to the parameter type 'String'.  - lib\features\coach\ui\coach_screen.dart:89:48 - argument_type_not_assignable
   info - Method invocation or property access on a 'dynamic' target. Try giving the target a type - lib\features\coach\ui\coach_screen.dart:90:47 - avoid_dynamic_calls
  error - The argument type 'dynamic' can't be assigned to the parameter type 'String'.  - lib\features\coach\ui\coach_screen.dart:90:47 - argument_type_not_assignable
  error - Classes can only extend other classes. Try specifying a different superclass, or removing the extends clause - lib\features\creator\state\creator_controller.dart:4:33 - extends_non_class
  error - Too many positional arguments: 0 expected, but 1 found. Try removing the extra arguments - lib\features\creator\state\creator_controller.dart:5:31 - extra_positional_arguments
   info - Method invocation or property access on a 'dynamic' target. Try giving the target a type - lib\features\creator\ui\creator_screen.dart:28:36 - avoid_dynamic_calls
warning - The type argument(s) of the function 'read' can't be inferred. Use explicit type argument(s) for 'read' - lib\features\creator\ui\creator_screen.dart:28:40 - inference_failure_on_function_invocation
   info - Method invocation or property access on a 'dynamic' target. Try giving the target a type - lib\features\creator\ui\creator_screen.dart:96:23 - avoid_dynamic_calls
warning - The type argument(s) of the function 'read' can't be inferred. Use explicit type argument(s) for 'read' - lib\features\creator\ui\creator_screen.dart:96:27 - inference_failure_on_function_invocation
  error - The function 'StateProvider' isn't defined. Try importing the library that defines 'StateProvider', correcting the name to the name of an existing function, or defining a function named 'StateProvider' - lib\features\emotion\emotion_provider.dart:4:25 - undefined_function
  error - Classes can only extend other classes. Try specifying a different superclass, or removing the extends clause - lib\features\emotion\state\emotion_controller.dart:4:33 - extends_non_class
  error - Too many positional arguments: 0 expected, but 1 found. Try removing the extra arguments - lib\features\emotion\state\emotion_controller.dart:5:31 - extra_positional_arguments
  error - Classes can only extend other classes. Try specifying a different superclass, or removing the extends clause - lib\features\flowmap\state\flowmap_controller.dart:4:33 - extends_non_class
  error - Too many positional arguments: 0 expected, but 1 found. Try removing the extra arguments - lib\features\flowmap\state\flowmap_controller.dart:5:31 - extra_positional_arguments
  error - The function 'StateNotifierProvider' isn't defined. Try importing the library that defines 'StateNotifierProvider', correcting the name to the name of an existing function, or defining a function named 'StateNotifierProvider' - lib\features\flowmap\state\flowmap_provider.dart:5:25 - undefined_function
warning - The type of 'ref' can't be inferred; a type must be explicitly provided. Try specifying the type of the parameter - lib\features\flowmap\state\flowmap_provider.dart:6:4 - inference_failure_on_untyped_parameter
  error - The argument type 'dynamic' can't be assigned to the parameter type 'Ref'.  - lib\features\flowmap\state\flowmap_provider.dart:6:30 - argument_type_not_assignable
  error - Classes can only extend other classes. Try specifying a different superclass, or removing the extends clause - lib\features\flowmap\state\flowmap_provider.dart:9:33 - extends_non_class
  error - Too many positional arguments: 0 expected, but 1 found. Try removing the extra arguments - lib\features\flowmap\state\flowmap_provider.dart:10:40 - extra_positional_arguments
warning - The type argument(s) of the constructor 'AsyncValue.loading' can't be inferred. Use explicit type argument(s) for 'AsyncValue.loading' - lib\features\flowmap\state\flowmap_provider.dart:10:46 - inference_failure_on_instance_creation
  error - Undefined name 'state'. Try correcting the name to one that is defined, or defining the name - lib\features\flowmap\state\flowmap_provider.dart:17:5 - undefined_identifier
warning - The type argument(s) of the constructor 'AsyncValue.loading' can't be inferred. Use explicit type argument(s) for 'AsyncValue.loading' - lib\features\flowmap\state\flowmap_provider.dart:17:19 - inference_failure_on_instance_creation
  error - Undefined name 'state'. Try correcting the name to one that is defined, or defining the name - lib\features\flowmap\state\flowmap_provider.dart:20:7 - undefined_identifier
  error - Undefined name 'state'. Try correcting the name to one that is defined, or defining the name - lib\features\flowmap\state\flowmap_provider.dart:22:7 - undefined_identifier
warning - The type argument(s) of the constructor 'AsyncValue.error' can't be inferred. Use explicit type argument(s) for 'AsyncValue.error' - lib\features\flowmap\state\flowmap_provider.dart:22:15 - inference_failure_on_instance_creation
  error - Undefined name 'state'. Try correcting the name to one that is defined, or defining the name - lib\features\flowmap\state\flowmap_provider.dart:40:5 - undefined_identifier
  error - Undefined name 'state'. Try correcting the name to one that is defined, or defining the name - lib\features\flowmap\state\flowmap_provider.dart:40:33 - undefined_identifier
  error - Undefined name 'state'. Try correcting the name to one that is defined, or defining the name - lib\features\flowmap\state\flowmap_provider.dart:45:22 - undefined_identifier
warning - The type of 'n' can't be inferred; a type must be explicitly provided. Try specifying the type of the parameter - lib\features\flowmap\state\flowmap_provider.dart:45:54 - inference_failure_on_untyped_parameter
   info - Method invocation or property access on a 'dynamic' target. Try giving the target a type - lib\features\flowmap\state\flowmap_provider.dart:45:60 - avoid_dynamic_calls
  error - Undefined name 'state'. Try correcting the name to one that is defined, or defining the name - lib\features\flowmap\state\flowmap_provider.dart:46:5 - undefined_identifier
  error - Undefined name 'state'. Try correcting the name to one that is defined, or defining the name - lib\features\flowmap\state\flowmap_provider.dart:51:5 - undefined_identifier
  error - Undefined name 'state'. Try correcting the name to one that is defined, or defining the name - lib\features\flowmap\state\flowmap_provider.dart:52:23 - undefined_identifier
warning - The type argument(s) of the function 'watch' can't be inferred. Use explicit type argument(s) for 'watch' - lib\features\flowmap\ui\flowmap_screen.dart:13:23 - inference_failure_on_function_invocation
   info - Method invocation or property access on a 'dynamic' target. Try giving the target a type - lib\features\flowmap\ui\flowmap_screen.dart:21:24 - avoid_dynamic_calls
warning - The type argument(s) of the function 'read' can't be inferred. Use explicit type argument(s) for 'read' - lib\features\flowmap\ui\flowmap_screen.dart:21:28 - inference_failure_on_function_invocation
   info - Method invocation or property access on a 'dynamic' target. Try giving the target a type - lib\features\flowmap\ui\flowmap_screen.dart:58:13 - avoid_dynamic_calls
  error - The argument type 'dynamic' can't be assigned to the parameter type 'Widget?'.  - lib\features\flowmap\ui\flowmap_screen.dart:58:13 - argument_type_not_assignable
warning - The type of 'e' can't be inferred; a type must be explicitly provided. Try specifying the type of the parameter - lib\features\flowmap\ui\flowmap_screen.dart:62:17 - inference_failure_on_untyped_parameter
warning - The type of 'nodes' can't be inferred; a type must be explicitly provided. Try specifying the type of the parameter - lib\features\flowmap\ui\flowmap_screen.dart:68:16 - inference_failure_on_untyped_parameter
   info - Method invocation or property access on a 'dynamic' target. Try giving the target a type - lib\features\flowmap\ui\flowmap_screen.dart:68:26 - avoid_dynamic_calls
  error - Conditions must have a static type of 'bool'. Try changing the condition - lib\features\flowmap\ui\flowmap_screen.dart:68:26 - non_bool_condition
   info - Method invocation or property access on a 'dynamic' target. Try giving the target a type - lib\features\flowmap\ui\flowmap_screen.dart:72:28 - avoid_dynamic_calls
  error - The argument type 'dynamic' can't be assigned to the parameter type 'int?'.  - lib\features\flowmap\ui\flowmap_screen.dart:72:28 - argument_type_not_assignable
   info - Method invocation or property access on a 'dynamic' target. Try giving the target a type - lib\features\flowmap\ui\flowmap_screen.dart:73:62 - avoid_dynamic_calls
  error - The argument type 'dynamic' can't be assigned to the parameter type 'FlowmapNode'.  - lib\features\flowmap\ui\flowmap_screen.dart:73:62 - argument_type_not_assignable
   info - Method invocation or property access on a 'dynamic' target. Try giving the target a type - lib\features\flowmap\ui\flowmap_screen.dart:89:11 - avoid_dynamic_calls
warning - The type argument(s) of the function 'read' can't be inferred. Use explicit type argument(s) for 'read' - lib\features\flowmap\ui\flowmap_screen.dart:90:16 - inference_failure_on_function_invocation
   info - Method invocation or property access on a 'dynamic' target. Try giving the target a type - lib\features\flowmap\ui\flowmap_screen.dart:153:26 - avoid_dynamic_calls
warning - The type argument(s) of the function 'read' can't be inferred. Use explicit type argument(s) for 'read' - lib\features\flowmap\ui\flowmap_screen.dart:153:30 - inference_failure_on_function_invocation
  error - The function 'StateNotifierProvider' isn't defined. Try importing the library that defines 'StateNotifierProvider', correcting the name to the name of an existing function, or defining a function named 'StateNotifierProvider' - lib\features\focus\state\focus_controller.dart:19:33 - undefined_function
   info - Method invocation or property access on a 'dynamic' target. Try giving the target a type - lib\features\focus\state\focus_controller.dart:23:47 - avoid_dynamic_calls
  error - The returned type 'dynamic' isn't returnable from a 'bool' function, as required by the closure's context - lib\features\focus\state\focus_controller.dart:23:47 - return_of_invalid_type_from_closure
warning - The type argument(s) of the function 'watch' can't be inferred. Use explicit type argument(s) for 'watch' - lib\features\focus\state\focus_controller.dart:23:51 - inference_failure_on_function_invocation
  error - Classes can only extend other classes. Try specifying a different superclass, or removing the extends clause - lib\features\focus\state\focus_controller.dart:25:31 - extends_non_class
  error - Too many positional arguments: 0 expected, but 1 found. Try removing the extra arguments - lib\features\focus\state\focus_controller.dart:26:29 - extra_positional_arguments
  error - Undefined name 'state'. Try correcting the name to one that is defined, or defining the name - lib\features\focus\state\focus_controller.dart:32:5 - undefined_identifier
  error - Undefined name 'state'. Try correcting the name to one that is defined, or defining the name - lib\features\focus\state\focus_controller.dart:37:12 - undefined_identifier
  error - Undefined name 'state'. Try correcting the name to one that is defined, or defining the name - lib\features\focus\state\focus_controller.dart:39:11 - undefined_identifier
  error - Undefined name 'state'. Try correcting the name to one that is defined, or defining the name - lib\features\focus\state\focus_controller.dart:40:9 - undefined_identifier
  error - Undefined name 'state'. Try correcting the name to one that is defined, or defining the name - lib\features\focus\state\focus_controller.dart:40:17 - undefined_identifier
  error - Undefined name 'state'. Try correcting the name to one that is defined, or defining the name - lib\features\focus\state\focus_controller.dart:40:41 - undefined_identifier
  error - Undefined name 'state'. Try correcting the name to one that is defined, or defining the name - lib\features\focus\state\focus_controller.dart:47:5 - undefined_identifier
  error - Undefined name 'state'. Try correcting the name to one that is defined, or defining the name - lib\features\focus\state\focus_controller.dart:47:13 - undefined_identifier
  error - Undefined name 'state'. Try correcting the name to one that is defined, or defining the name - lib\features\focus\state\focus_controller.dart:52:5 - undefined_identifier
   info - Method invocation or property access on a 'dynamic' target. Try giving the target a type - lib\features\focus\ui\focus_screen.dart:123:5 - avoid_dynamic_calls
warning - The type argument(s) of the function 'read' can't be inferred. Use explicit type argument(s) for 'read' - lib\features\focus\ui\focus_screen.dart:123:9 - inference_failure_on_function_invocation
   info - Method invocation or property access on a 'dynamic' target. Try giving the target a type - lib\features\focus\ui\focus_screen.dart:124:5 - avoid_dynamic_calls
warning - The type argument(s) of the function 'read' can't be inferred. Use explicit type argument(s) for 'read' - lib\features\focus\ui\focus_screen.dart:124:9 - inference_failure_on_function_invocation
   info - Method invocation or property access on a 'dynamic' target. Try giving the target a type - lib\features\focus\ui\focus_screen.dart:148:5 - avoid_dynamic_calls
warning - The type argument(s) of the function 'read' can't be inferred. Use explicit type argument(s) for 'read' - lib\features\focus\ui\focus_screen.dart:148:9 - inference_failure_on_function_invocation
   info - Method invocation or property access on a 'dynamic' target. Try giving the target a type - lib\features\focus\ui\focus_screen.dart:149:5 - avoid_dynamic_calls
warning - The type argument(s) of the function 'read' can't be inferred. Use explicit type argument(s) for 'read' - lib\features\focus\ui\focus_screen.dart:149:9 - inference_failure_on_function_invocation
   info - Method invocation or property access on a 'dynamic' target. Try giving the target a type - lib\features\focus\ui\focus_screen.dart:150:5 - avoid_dynamic_calls
warning - The type argument(s) of the function 'read' can't be inferred. Use explicit type argument(s) for 'read' - lib\features\focus\ui\focus_screen.dart:150:9 - inference_failure_on_function_invocation
   info - Method invocation or property access on a 'dynamic' target. Try giving the target a type - lib\features\focus\ui\focus_screen.dart:168:5 - avoid_dynamic_calls
warning - The type argument(s) of the function 'read' can't be inferred. Use explicit type argument(s) for 'read' - lib\features\focus\ui\focus_screen.dart:168:9 - inference_failure_on_function_invocation
   info - Method invocation or property access on a 'dynamic' target. Try giving the target a type - lib\features\focus\ui\focus_screen.dart:169:5 - avoid_dynamic_calls
warning - The type argument(s) of the function 'read' can't be inferred. Use explicit type argument(s) for 'read' - lib\features\focus\ui\focus_screen.dart:169:9 - inference_failure_on_function_invocation
   info - Method invocation or property access on a 'dynamic' target. Try giving the target a type - lib\features\focus\ui\focus_screen.dart:170:5 - avoid_dynamic_calls
warning - The type argument(s) of the function 'read' can't be inferred. Use explicit type argument(s) for 'read' - lib\features\focus\ui\focus_screen.dart:170:9 - inference_failure_on_function_invocation
   info - Method invocation or property access on a 'dynamic' target. Try giving the target a type - lib\features\focus\ui\focus_screen.dart:175:5 - avoid_dynamic_calls
warning - The type argument(s) of the function 'read' can't be inferred. Use explicit type argument(s) for 'read' - lib\features\focus\ui\focus_screen.dart:175:9 - inference_failure_on_function_invocation
   info - Method invocation or property access on a 'dynamic' target. Try giving the target a type - lib\features\focus\ui\focus_screen.dart:176:5 - avoid_dynamic_calls
warning - The type argument(s) of the function 'read' can't be inferred. Use explicit type argument(s) for 'read' - lib\features\focus\ui\focus_screen.dart:176:9 - inference_failure_on_function_invocation
   info - Method invocation or property access on a 'dynamic' target. Try giving the target a type - lib\features\focus\ui\focus_screen.dart:181:5 - avoid_dynamic_calls
warning - The type argument(s) of the function 'read' can't be inferred. Use explicit type argument(s) for 'read' - lib\features\focus\ui\focus_screen.dart:181:9 - inference_failure_on_function_invocation
   info - Method invocation or property access on a 'dynamic' target. Try giving the target a type - lib\features\focus\ui\focus_screen.dart:217:35 - avoid_dynamic_calls
warning - The type argument(s) of the function 'read' can't be inferred. Use explicit type argument(s) for 'read' - lib\features\focus\ui\focus_screen.dart:217:39 - inference_failure_on_function_invocation
   info - Method invocation or property access on a 'dynamic' target. Try giving the target a type - lib\features\focus\ui\focus_screen.dart:218:35 - avoid_dynamic_calls
warning - The type argument(s) of the function 'read' can't be inferred. Use explicit type argument(s) for 'read' - lib\features\focus\ui\focus_screen.dart:218:39 - inference_failure_on_function_invocation
  error - The getter 'valueOrNull' isn't defined for the type 'AsyncValue<AIRecommendation?>'. Try importing the library that defines 'valueOrNull', correcting the name to the name of an existing getter, or defining a getter or field named 'valueOrNull' - lib\features\home\ui\smart_coach_screen.dart:44:54 - undefined_getter
   info - Method invocation or property access on a 'dynamic' target. Try giving the target a type - lib\features\home\ui\smart_coach_screen.dart:72:44 - avoid_dynamic_calls
warning - The type argument(s) of the function 'read' can't be inferred. Use explicit type argument(s) for 'read' - lib\features\home\ui\smart_coach_screen.dart:72:48 - inference_failure_on_function_invocation
   info - Method invocation or property access on a 'dynamic' target. Try giving the target a type - lib\features\home\ui\smart_coach_screen.dart:135:29 - avoid_dynamic_calls
warning - The type argument(s) of the function 'read' can't be inferred. Use explicit type argument(s) for 'read' - lib\features\home\ui\smart_coach_screen.dart:135:33 - inference_failure_on_function_invocation
   info - Method invocation or property access on a 'dynamic' target. Try giving the target a type - lib\features\home\ui\smart_coach_screen.dart:212:25 - avoid_dynamic_calls
warning - The type argument(s) of the function 'read' can't be inferred. Use explicit type argument(s) for 'read' - lib\features\home\ui\smart_coach_screen.dart:212:29 - inference_failure_on_function_invocation
   info - Method invocation or property access on a 'dynamic' target. Try giving the target a type - lib\features\home\ui\smart_coach_screen.dart:214:23 - avoid_dynamic_calls
warning - The type argument(s) of the function 'read' can't be inferred. Use explicit type argument(s) for 'read' - lib\features\home\ui\smart_coach_screen.dart:214:27 - inference_failure_on_function_invocation
   info - Method invocation or property access on a 'dynamic' target. Try giving the target a type - lib\features\home\ui\smart_coach_screen.dart:215:23 - avoid_dynamic_calls
warning - The type argument(s) of the function 'read' can't be inferred. Use explicit type argument(s) for 'read' - lib\features\home\ui\smart_coach_screen.dart:215:27 - inference_failure_on_function_invocation
   info - Method invocation or property access on a 'dynamic' target. Try giving the target a type - lib\features\home\ui\smart_coach_screen.dart:223:25 - avoid_dynamic_calls
warning - The type argument(s) of the function 'read' can't be inferred. Use explicit type argument(s) for 'read' - lib\features\home\ui\smart_coach_screen.dart:223:29 - inference_failure_on_function_invocation
   info - Method invocation or property access on a 'dynamic' target. Try giving the target a type - lib\features\home\ui\smart_coach_screen.dart:225:25 - avoid_dynamic_calls
warning - The type argument(s) of the function 'read' can't be inferred. Use explicit type argument(s) for 'read' - lib\features\home\ui\smart_coach_screen.dart:225:29 - inference_failure_on_function_invocation
   info - Method invocation or property access on a 'dynamic' target. Try giving the target a type - lib\features\home\ui\smart_coach_screen.dart:253:35 - avoid_dynamic_calls
warning - The type argument(s) of the function 'read' can't be inferred. Use explicit type argument(s) for 'read' - lib\features\home\ui\smart_coach_screen.dart:253:39 - inference_failure_on_function_invocation
   info - Method invocation or property access on a 'dynamic' target. Try giving the target a type - lib\features\home\ui\smart_coach_screen.dart:255:35 - avoid_dynamic_calls
warning - The type argument(s) of the function 'read' can't be inferred. Use explicit type argument(s) for 'read' - lib\features\home\ui\smart_coach_screen.dart:255:39 - inference_failure_on_function_invocation
  error - Classes can only extend other classes. Try specifying a different superclass, or removing the extends clause - lib\features\identity\state\identity_controller.dart:4:34 - extends_non_class
  error - Too many positional arguments: 0 expected, but 1 found. Try removing the extra arguments - lib\features\identity\state\identity_controller.dart:5:32 - extra_positional_arguments
  error - Classes can only extend other classes. Try specifying a different superclass, or removing the extends clause - lib\features\insights\state\insights_controller.dart:4:34 - extends_non_class
  error - Too many positional arguments: 0 expected, but 1 found. Try removing the extra arguments - lib\features\insights\state\insights_controller.dart:5:32 - extra_positional_arguments
warning - The type argument(s) of the function 'watch' can't be inferred. Use explicit type argument(s) for 'watch' - lib\features\insights\state\insights_state.dart:26:18 - inference_failure_on_function_invocation
  error - The argument type 'dynamic' can't be assigned to the parameter type 'SIState'.  - lib\features\insights\state\insights_state.dart:28:24 - argument_type_not_assignable
   info - Method invocation or property access on a 'dynamic' target. Try giving the target a type - lib\features\insights\ui\insight_screen.dart:30:9 - avoid_dynamic_calls
warning - The type argument(s) of the function 'read' can't be inferred. Use explicit type argument(s) for 'read' - lib\features\insights\ui\insight_screen.dart:30:13 - inference_failure_on_function_invocation
warning - The type argument(s) of the function 'watch' can't be inferred. Use explicit type argument(s) for 'watch' - lib\features\insights\ui\insight_screen.dart:45:25 - inference_failure_on_function_invocation
   info - Method invocation or property access on a 'dynamic' target. Try giving the target a type - lib\features\insights\ui\insight_screen.dart:50:30 - avoid_dynamic_calls
  error - The operands of the operator '&&' must be assignable to 'bool' - lib\features\insights\ui\insight_screen.dart:50:30 - non_bool_operand
   info - Method invocation or property access on a 'dynamic' target. Try giving the target a type - lib\features\insights\ui\insight_screen.dart:69:29 - avoid_dynamic_calls
warning - The type argument(s) of the function 'read' can't be inferred. Use explicit type argument(s) for 'read' - lib\features\insights\ui\insight_screen.dart:69:33 - inference_failure_on_function_invocation
   info - Method invocation or property access on a 'dynamic' target. Try giving the target a type - lib\features\insights\ui\insight_screen.dart:70:29 - avoid_dynamic_calls
warning - The type argument(s) of the function 'read' can't be inferred. Use explicit type argument(s) for 'read' - lib\features\insights\ui\insight_screen.dart:70:33 - inference_failure_on_function_invocation
   info - Method invocation or property access on a 'dynamic' target. Try giving the target a type - lib\features\insights\ui\insight_screen.dart:71:29 - avoid_dynamic_calls
warning - The type argument(s) of the function 'read' can't be inferred. Use explicit type argument(s) for 'read' - lib\features\insights\ui\insight_screen.dart:71:33 - inference_failure_on_function_invocation
  error - Classes can only extend other classes. Try specifying a different superclass, or removing the extends clause - lib\features\logs\state\logs_controller.dart:4:30 - extends_non_class
  error - Too many positional arguments: 0 expected, but 1 found. Try removing the extra arguments - lib\features\logs\state\logs_controller.dart:5:28 - extra_positional_arguments
  error - The function 'StateNotifierProvider' isn't defined. Try importing the library that defines 'StateNotifierProvider', correcting the name to the name of an existing function, or defining a function named 'StateNotifierProvider' - lib\features\logs\state\logs_provider.dart:6:5 - undefined_function
warning - The type of 'ref' can't be inferred; a type must be explicitly provided. Try specifying the type of the parameter - lib\features\logs\state\logs_provider.dart:7:8 - inference_failure_on_untyped_parameter
   info - Method invocation or property access on a 'dynamic' target. Try giving the target a type - lib\features\logs\state\logs_provider.dart:7:31 - avoid_dynamic_calls
  error - The argument type 'dynamic' can't be assigned to the parameter type 'ChronoLogsService'.  - lib\features\logs\state\logs_provider.dart:7:31 - argument_type_not_assignable
  error - Classes can only extend other classes. Try specifying a different superclass, or removing the extends clause - lib\features\logs\state\logs_provider.dart:10:30 - extends_non_class
  error - Too many positional arguments: 0 expected, but 1 found. Try removing the extra arguments - lib\features\logs\state\logs_provider.dart:11:41 - extra_positional_arguments
warning - The type argument(s) of the constructor 'AsyncValue.loading' can't be inferred. Use explicit type argument(s) for 'AsyncValue.loading' - lib\features\logs\state\logs_provider.dart:11:47 - inference_failure_on_instance_creation
  error - Undefined name 'state'. Try correcting the name to one that is defined, or defining the name - lib\features\logs\state\logs_provider.dart:18:5 - undefined_identifier
warning - The type argument(s) of the constructor 'AsyncValue.loading' can't be inferred. Use explicit type argument(s) for 'AsyncValue.loading' - lib\features\logs\state\logs_provider.dart:18:19 - inference_failure_on_instance_creation
  error - Undefined name 'state'. Try correcting the name to one that is defined, or defining the name - lib\features\logs\state\logs_provider.dart:21:7 - undefined_identifier
  error - Undefined name 'state'. Try correcting the name to one that is defined, or defining the name - lib\features\logs\state\logs_provider.dart:23:7 - undefined_identifier
warning - The type argument(s) of the constructor 'AsyncValue.error' can't be inferred. Use explicit type argument(s) for 'AsyncValue.error' - lib\features\logs\state\logs_provider.dart:23:15 - inference_failure_on_instance_creation
warning - The type argument(s) of the function 'watch' can't be inferred. Use explicit type argument(s) for 'watch' - lib\features\logs\ui\logs_screen.dart:14:25 - inference_failure_on_function_invocation
warning - The type argument(s) of the function 'watch' can't be inferred. Use explicit type argument(s) for 'watch' - lib\features\logs\ui\logs_screen.dart:15:27 - inference_failure_on_function_invocation
   info - Method invocation or property access on a 'dynamic' target. Try giving the target a type - lib\features\logs\ui\logs_screen.dart:18:23 - avoid_dynamic_calls
warning - The type of 'payload' can't be inferred; a type must be explicitly provided. Try specifying the type of the parameter - lib\features\logs\ui\logs_screen.dart:19:14 - inference_failure_on_untyped_parameter
   info - Method invocation or property access on a 'dynamic' target. Try giving the target a type - lib\features\logs\ui\logs_screen.dart:19:53 - avoid_dynamic_calls
  error - The argument type 'dynamic' can't be assigned to the parameter type 'List<String>'.  - lib\features\logs\ui\logs_screen.dart:19:53 - argument_type_not_assignable
   info - Method invocation or property access on a 'dynamic' target. Try giving the target a type - lib\features\logs\ui\logs_screen.dart:22:28 - avoid_dynamic_calls
warning - The type of 'payload' can't be inferred; a type must be explicitly provided. Try specifying the type of the parameter - lib\features\logs\ui\logs_screen.dart:23:14 - inference_failure_on_untyped_parameter
   info - Method invocation or property access on a 'dynamic' target. Try giving the target a type - lib\features\logs\ui\logs_screen.dart:23:53 - avoid_dynamic_calls
  error - The argument type 'dynamic' can't be assigned to the parameter type 'List<String>'.  - lib\features\logs\ui\logs_screen.dart:23:53 - argument_type_not_assignable
   info - Method invocation or property access on a 'dynamic' target. Try giving the target a type - lib\features\logs\ui\logs_screen.dart:26:26 - avoid_dynamic_calls
warning - The type of 'payload' can't be inferred; a type must be explicitly provided. Try specifying the type of the parameter - lib\features\logs\ui\logs_screen.dart:27:14 - inference_failure_on_untyped_parameter
   info - Method invocation or property access on a 'dynamic' target. Try giving the target a type - lib\features\logs\ui\logs_screen.dart:27:53 - avoid_dynamic_calls
  error - The argument type 'dynamic' can't be assigned to the parameter type 'List<String>'.  - lib\features\logs\ui\logs_screen.dart:27:53 - argument_type_not_assignable
   info - Method invocation or property access on a 'dynamic' target. Try giving the target a type - lib\features\logs\ui\logs_screen.dart:52:35 - avoid_dynamic_calls
   info - Method invocation or property access on a 'dynamic' target. Try giving the target a type - lib\features\logs\ui\logs_screen.dart:57:78 - avoid_dynamic_calls
   info - Method invocation or property access on a 'dynamic' target. Try giving the target a type - lib\features\logs\ui\logs_screen.dart:62:17 - avoid_dynamic_calls
  error - The element type 'dynamic' can't be assigned to the list type 'Widget' - lib\features\logs\ui\logs_screen.dart:62:17 - list_element_type_not_assignable
warning - The type of 'e' can't be inferred; a type must be explicitly provided. Try specifying the type of the parameter - lib\features\logs\ui\logs_screen.dart:69:27 - inference_failure_on_untyped_parameter
   info - Method invocation or property access on a 'dynamic' target. Try giving the target a type - lib\features\logs\ui\logs_screen.dart:77:27 - avoid_dynamic_calls
  error - Conditions must have a static type of 'bool'. Try changing the condition - lib\features\logs\ui\logs_screen.dart:77:27 - non_bool_condition
  error - The argument type 'dynamic' can't be assigned to the parameter type 'List<String>'.  - lib\features\logs\ui\logs_screen.dart:81:56 - argument_type_not_assignable
   info - Method invocation or property access on a 'dynamic' target. Try giving the target a type - lib\features\logs\ui\logs_screen.dart:85:27 - avoid_dynamic_calls
  error - Conditions must have a static type of 'bool'. Try changing the condition - lib\features\logs\ui\logs_screen.dart:85:27 - non_bool_condition
  error - The argument type 'dynamic' can't be assigned to the parameter type 'List<String>'.  - lib\features\logs\ui\logs_screen.dart:90:38 - argument_type_not_assignable
   info - Method invocation or property access on a 'dynamic' target. Try giving the target a type - lib\features\logs\ui\logs_screen.dart:97:27 - avoid_dynamic_calls
  error - Conditions must have a static type of 'bool'. Try changing the condition - lib\features\logs\ui\logs_screen.dart:97:27 - non_bool_condition
  error - The argument type 'dynamic' can't be assigned to the parameter type 'List<String>'.  - lib\features\logs\ui\logs_screen.dart:102:38 - argument_type_not_assignable
  error - Classes can only extend other classes. Try specifying a different superclass, or removing the extends clause - lib\features\nexus\state\nexus_controller.dart:4:31 - extends_non_class
  error - Too many positional arguments: 0 expected, but 1 found. Try removing the extra arguments - lib\features\nexus\state\nexus_controller.dart:5:29 - extra_positional_arguments
   info - Method invocation or property access on a 'dynamic' target. Try giving the target a type - lib\features\nexus\ui\nexus_screen.dart:544:20 - avoid_dynamic_calls
warning - The type argument(s) of the function 'read' can't be inferred. Use explicit type argument(s) for 'read' - lib\features\nexus\ui\nexus_screen.dart:544:24 - inference_failure_on_function_invocation
   info - Method invocation or property access on a 'dynamic' target. Try giving the target a type - lib\features\nexus\ui\nexus_screen.dart:598:30 - avoid_dynamic_calls
warning - The type argument(s) of the function 'read' can't be inferred. Use explicit type argument(s) for 'read' - lib\features\nexus\ui\nexus_screen.dart:598:34 - inference_failure_on_function_invocation
   info - Method invocation or property access on a 'dynamic' target. Try giving the target a type - lib\features\nexus\ui\nexus_screen.dart:607:19 - avoid_dynamic_calls
warning - The type argument(s) of the function 'read' can't be inferred. Use explicit type argument(s) for 'read' - lib\features\nexus\ui\nexus_screen.dart:607:23 - inference_failure_on_function_invocation
   info - Method invocation or property access on a 'dynamic' target. Try giving the target a type - lib\features\nexus\ui\nexus_screen.dart:608:19 - avoid_dynamic_calls
warning - The type argument(s) of the function 'read' can't be inferred. Use explicit type argument(s) for 'read' - lib\features\nexus\ui\nexus_screen.dart:608:23 - inference_failure_on_function_invocation
   info - Method invocation or property access on a 'dynamic' target. Try giving the target a type - lib\features\nexus\ui\nexus_screen.dart:621:30 - avoid_dynamic_calls
warning - The type argument(s) of the function 'read' can't be inferred. Use explicit type argument(s) for 'read' - lib\features\nexus\ui\nexus_screen.dart:621:34 - inference_failure_on_function_invocation
   info - Method invocation or property access on a 'dynamic' target. Try giving the target a type - lib\features\nexus\ui\nexus_screen.dart:629:30 - avoid_dynamic_calls
warning - The type argument(s) of the function 'read' can't be inferred. Use explicit type argument(s) for 'read' - lib\features\nexus\ui\nexus_screen.dart:629:34 - inference_failure_on_function_invocation
   info - Method invocation or property access on a 'dynamic' target. Try giving the target a type - lib\features\nexus\ui\nexus_screen.dart:637:24 - avoid_dynamic_calls
warning - The type argument(s) of the function 'read' can't be inferred. Use explicit type argument(s) for 'read' - lib\features\nexus\ui\nexus_screen.dart:637:28 - inference_failure_on_function_invocation
  error - The getter 'valueOrNull' isn't defined for the type 'AsyncValue<List<NotificationEntity>>'. Try importing the library that defines 'valueOrNull', correcting the name to the name of an existing getter, or defining a getter or field named 'valueOrNull' - lib\features\notifications\managers\notification_manager.dart:15:15 - undefined_getter
  error - The getter 'valueOrNull' isn't defined for the type 'AsyncValue<List<NotificationEntity>>'. Try importing the library that defines 'valueOrNull', correcting the name to the name of an existing getter, or defining a getter or field named 'valueOrNull' - lib\features\notifications\managers\notification_manager.dart:36:15 - undefined_getter
  error - The named parameter 'settings' is required, but there's no corresponding argument. Try adding the required argument - lib\features\notifications\notification_scheduler.dart:41:19 - missing_required_argument
  error - Too many positional arguments: 0 expected, but 1 found. Try removing the extra positional arguments, or specifying the name for named arguments - lib\features\notifications\notification_scheduler.dart:41:30 - extra_positional_arguments_could_be_named
  error - The named parameter 'id' is required, but there's no corresponding argument. Try adding the required argument - lib\features\notifications\notification_scheduler.dart:99:19 - missing_required_argument
  error - The named parameter 'notificationDetails' is required, but there's no corresponding argument. Try adding the required argument - lib\features\notifications\notification_scheduler.dart:99:19 - missing_required_argument
  error - The named parameter 'scheduledDate' is required, but there's no corresponding argument. Try adding the required argument - lib\features\notifications\notification_scheduler.dart:99:19 - missing_required_argument
  error - Too many positional arguments: 0 expected, but 5 found. Try removing the extra positional arguments, or specifying the name for named arguments - lib\features\notifications\notification_scheduler.dart:100:7 - extra_positional_arguments_could_be_named
  error - The named parameter 'uiLocalNotificationDateInterpretation' isn't defined. Try correcting the name to an existing named parameter's name, or defining a named parameter with the name 'uiLocalNotificationDateInterpretation' - lib\features\notifications\notification_scheduler.dart:105:7 - undefined_named_parameter
  error - Undefined name 'UILocalNotificationDateInterpretation'. Try correcting the name to one that is defined, or defining the name - lib\features\notifications\notification_scheduler.dart:105:46 - undefined_identifier
  error - The named parameter 'id' is required, but there's no corresponding argument. Try adding the required argument - lib\features\notifications\notification_scheduler.dart:111:19 - missing_required_argument
  error - Too many positional arguments: 0 expected, but 1 found. Try removing the extra positional arguments, or specifying the name for named arguments - lib\features\notifications\notification_scheduler.dart:111:26 - extra_positional_arguments_could_be_named
  error - Classes can only extend other classes. Try specifying a different superclass, or removing the extends clause - lib\features\notifications\state\notifications_controller.dart:4:39 - extends_non_class
  error - Too many positional arguments: 0 expected, but 1 found. Try removing the extra arguments - lib\features\notifications\state\notifications_controller.dart:5:37 - extra_positional_arguments
   info - Method invocation or property access on a 'dynamic' target. Try giving the target a type - lib\features\paywall\ui\paywall_page.dart:41:7 - avoid_dynamic_calls
warning - The type argument(s) of the function 'read' can't be inferred. Use explicit type argument(s) for 'read' - lib\features\paywall\ui\paywall_page.dart:41:11 - inference_failure_on_function_invocation
   info - Method invocation or property access on a 'dynamic' target. Try giving the target a type - lib\features\paywall\ui\paywall_page.dart:72:7 - avoid_dynamic_calls
warning - The type argument(s) of the function 'read' can't be inferred. Use explicit type argument(s) for 'read' - lib\features\paywall\ui\paywall_page.dart:72:11 - inference_failure_on_function_invocation
  error - The getter 'valueOrNull' isn't defined for the type 'AsyncValue<PaywallEntity>'. Try importing the library that defines 'valueOrNull', correcting the name to the name of an existing getter, or defining a getter or field named 'valueOrNull' - lib\features\paywall\ui\paywall_page.dart:118:21 - undefined_getter
  error - The getter 'valueOrNull' isn't defined for the type 'AsyncValue<SubscriptionState>'. Try importing the library that defines 'valueOrNull', correcting the name to the name of an existing getter, or defining a getter or field named 'valueOrNull' - lib\features\paywall\ui\paywall_page.dart:126:63 - undefined_getter
  error - The getter 'valueOrNull' isn't defined for the type 'AsyncValue<AiCreditWallet>'. Try importing the library that defines 'valueOrNull', correcting the name to the name of an existing getter, or defining a getter or field named 'valueOrNull' - lib\features\paywall\ui\paywall_page.dart:127:48 - undefined_getter
  error - Classes can only extend other classes. Try specifying a different superclass, or removing the extends clause - lib\features\plan\state\plan_controller.dart:4:30 - extends_non_class
  error - Too many positional arguments: 0 expected, but 1 found. Try removing the extra arguments - lib\features\plan\state\plan_controller.dart:5:28 - extra_positional_arguments
   info - Method invocation or property access on a 'dynamic' target. Try giving the target a type - lib\features\plan\ui\plan_screen.dart:50:33 - avoid_dynamic_calls
warning - The type argument(s) of the function 'read' can't be inferred. Use explicit type argument(s) for 'read' - lib\features\plan\ui\plan_screen.dart:50:37 - inference_failure_on_function_invocation
warning - The type argument(s) of the function 'watch' can't be inferred. Use explicit type argument(s) for 'watch' - lib\features\profile\services\profile_provider.dart:16:22 - inference_failure_on_function_invocation
  error - The argument type 'dynamic' can't be assigned to the parameter type 'ProfileState'.  - lib\features\profile\services\profile_provider.dart:18:38 - argument_type_not_assignable
warning - The type argument(s) of the function 'read' can't be inferred. Use explicit type argument(s) for 'read' - lib\features\profile\services\profile_provider.dart:28:27 - inference_failure_on_function_invocation
  error - The argument type 'dynamic' can't be assigned to the parameter type 'ProfileController'.  - lib\features\profile\services\profile_provider.dart:29:29 - argument_type_not_assignable
warning - The type argument(s) of the function 'read' can't be inferred. Use explicit type argument(s) for 'read' - lib\features\profile\services\profile_provider.dart:34:27 - inference_failure_on_function_invocation
  error - The argument type 'dynamic' can't be assigned to the parameter type 'ProfileController'.  - lib\features\profile\services\profile_provider.dart:35:28 - argument_type_not_assignable
   info - Method invocation or property access on a 'dynamic' target. Try giving the target a type - lib\features\profile\services\profile_provider.dart:39:5 - avoid_dynamic_calls
warning - The type argument(s) of the function 'read' can't be inferred. Use explicit type argument(s) for 'read' - lib\features\profile\services\profile_provider.dart:39:10 - inference_failure_on_function_invocation
   info - Method invocation or property access on a 'dynamic' target. Try giving the target a type - lib\features\profile\services\profile_provider.dart:43:5 - avoid_dynamic_calls
warning - The type argument(s) of the function 'read' can't be inferred. Use explicit type argument(s) for 'read' - lib\features\profile\services\profile_provider.dart:43:10 - inference_failure_on_function_invocation
warning - The type argument(s) of the function 'watch' can't be inferred. Use explicit type argument(s) for 'watch' - lib\features\progression\providers\progression_provider.dart:11:23 - inference_failure_on_function_invocation
  error - The argument type 'dynamic' can't be assigned to the parameter type 'ProfileState'.  - lib\features\progression\providers\progression_provider.dart:13:30 - argument_type_not_assignable
  error - Classes can only extend other classes. Try specifying a different superclass, or removing the extends clause - lib\features\progression\state\progression_controller.dart:4:37 - extends_non_class
  error - Too many positional arguments: 0 expected, but 1 found. Try removing the extra arguments - lib\features\progression\state\progression_controller.dart:5:35 - extra_positional_arguments
   info - Method invocation or property access on a 'dynamic' target. Try giving the target a type - lib\features\progression\ui\progression_screen.dart:32:36 - avoid_dynamic_calls
warning - The type argument(s) of the function 'read' can't be inferred. Use explicit type argument(s) for 'read' - lib\features\progression\ui\progression_screen.dart:32:40 - inference_failure_on_function_invocation
  error - Classes can only extend other classes. Try specifying a different superclass, or removing the extends clause - lib\features\reflect\state\reflect_controller.dart:4:33 - extends_non_class
  error - Too many positional arguments: 0 expected, but 1 found. Try removing the extra arguments - lib\features\reflect\state\reflect_controller.dart:5:31 - extra_positional_arguments
   info - Method invocation or property access on a 'dynamic' target. Try giving the target a type - lib\features\reflect\ui\reflect_screen.dart:29:15 - avoid_dynamic_calls
  error - A value of type 'dynamic' can't be assigned to a variable of type 'double'. Try changing the type of the variable, or casting the right-hand type to 'double' - lib\features\reflect\ui\reflect_screen.dart:29:15 - invalid_assignment
warning - The type argument(s) of the function 'read' can't be inferred. Use explicit type argument(s) for 'read' - lib\features\reflect\ui\reflect_screen.dart:29:19 - inference_failure_on_function_invocation
warning - The type argument(s) of the function 'read' can't be inferred. Use explicit type argument(s) for 'read' - lib\features\reflect\ui\reflect_screen.dart:47:27 - inference_failure_on_function_invocation
   info - Method invocation or property access on a 'dynamic' target. Try giving the target a type - lib\features\reflect\ui\reflect_screen.dart:48:5 - avoid_dynamic_calls
warning - The type argument(s) of the function 'read' can't be inferred. Use explicit type argument(s) for 'read' - lib\features\reflect\ui\reflect_screen.dart:49:10 - inference_failure_on_function_invocation
   info - Method invocation or property access on a 'dynamic' target. Try giving the target a type - lib\features\reflect\ui\reflect_screen.dart:52:50 - avoid_dynamic_calls
  error - The argument type 'dynamic' can't be assigned to the parameter type 'double'.  - lib\features\reflect\ui\reflect_screen.dart:52:50 - argument_type_not_assignable
   info - Method invocation or property access on a 'dynamic' target. Try giving the target a type - lib\features\reflect\ui\reflect_screen.dart:53:27 - avoid_dynamic_calls
   info - Method invocation or property access on a 'dynamic' target. Try giving the target a type - lib\features\reflect\ui\reflect_screen.dart:55:5 - avoid_dynamic_calls
warning - The type argument(s) of the function 'read' can't be inferred. Use explicit type argument(s) for 'read' - lib\features\reflect\ui\reflect_screen.dart:55:9 - inference_failure_on_function_invocation
  error - Classes can only extend other classes. Try specifying a different superclass, or removing the extends clause - lib\features\settings\state\settings_controller.dart:4:34 - extends_non_class
  error - Too many positional arguments: 0 expected, but 1 found. Try removing the extra arguments - lib\features\settings\state\settings_controller.dart:5:32 - extra_positional_arguments
warning - The type argument(s) of the function 'watch' can't be inferred. Use explicit type argument(s) for 'watch' - lib\features\settings\ui\settings_screen.dart:16:30 - inference_failure_on_function_invocation
warning - The type argument(s) of the function 'watch' can't be inferred. Use explicit type argument(s) for 'watch' - lib\features\settings\ui\settings_screen.dart:18:32 - inference_failure_on_function_invocation
   info - Method invocation or property access on a 'dynamic' target. Try giving the target a type - lib\features\settings\ui\settings_screen.dart:38:23 - avoid_dynamic_calls
warning - The type argument(s) of the function 'read' can't be inferred. Use explicit type argument(s) for 'read' - lib\features\settings\ui\settings_screen.dart:38:27 - inference_failure_on_function_invocation
  error - The argument type 'dynamic' can't be assigned to the parameter type 'bool'.  - lib\features\settings\ui\settings_screen.dart:96:30 - argument_type_not_assignable
   info - Method invocation or property access on a 'dynamic' target. Try giving the target a type - lib\features\settings\ui\settings_screen.dart:97:41 - avoid_dynamic_calls
warning - The type argument(s) of the function 'read' can't be inferred. Use explicit type argument(s) for 'read' - lib\features\settings\ui\settings_screen.dart:97:45 - inference_failure_on_function_invocation
  error - Conditions must have a static type of 'bool'. Try changing the condition - lib\features\settings\ui\settings_screen.dart:128:25 - non_bool_condition
   info - Method invocation or property access on a 'dynamic' target. Try giving the target a type - lib\features\settings\ui\settings_screen.dart:134:27 - avoid_dynamic_calls
warning - The type argument(s) of the function 'read' can't be inferred. Use explicit type argument(s) for 'read' - lib\features\settings\ui\settings_screen.dart:134:31 - inference_failure_on_function_invocation
  error - Classes can only extend other classes. Try specifying a different superclass, or removing the extends clause - lib\features\si_console\state\si_console_controller.dart:4:35 - extends_non_class
  error - Too many positional arguments: 0 expected, but 1 found. Try removing the extra arguments - lib\features\si_console\state\si_console_controller.dart:5:33 - extra_positional_arguments
warning - The type argument(s) of the function 'read' can't be inferred. Use explicit type argument(s) for 'read' - lib\features\si_console\ui\si_console_screen.dart:334:27 - inference_failure_on_function_invocation
warning - The type argument(s) of the function 'read' can't be inferred. Use explicit type argument(s) for 'read' - lib\features\si_console\ui\si_console_screen.dart:335:27 - inference_failure_on_function_invocation
  error - The getter 'valueOrNull' isn't defined for the type 'AsyncValue<AIRecommendation?>'. Try importing the library that defines 'valueOrNull', correcting the name to the name of an existing getter, or defining a getter or field named 'valueOrNull' - lib\features\si_console\ui\si_console_screen.dart:336:55 - undefined_getter
warning - The type argument(s) of the function 'read' can't be inferred. Use explicit type argument(s) for 'read' - lib\features\si_console\ui\si_console_screen.dart:337:25 - inference_failure_on_function_invocation
  error - The argument type 'dynamic' can't be assigned to the parameter type 'SIState'.  - lib\features\si_console\ui\si_console_screen.dart:341:18 - argument_type_not_assignable
  error - The argument type 'dynamic' can't be assigned to the parameter type 'ProfileState'.  - lib\features\si_console\ui\si_console_screen.dart:342:18 - argument_type_not_assignable
  error - The argument type 'dynamic' can't be assigned to the parameter type 'FocusState'.  - lib\features\si_console\ui\si_console_screen.dart:344:16 - argument_type_not_assignable
  error - The argument type 'dynamic' can't be assigned to the parameter type 'SIState'.  - lib\features\si_console\ui\si_console_screen.dart:352:20 - argument_type_not_assignable
  error - The argument type 'dynamic' can't be assigned to the parameter type 'ProfileState'.  - lib\features\si_console\ui\si_console_screen.dart:353:20 - argument_type_not_assignable
  error - The argument type 'dynamic' can't be assigned to the parameter type 'FocusState'.  - lib\features\si_console\ui\si_console_screen.dart:355:18 - argument_type_not_assignable
   info - Method invocation or property access on a 'dynamic' target. Try giving the target a type - lib\features\si_console\ui\si_console_screen.dart:410:31 - avoid_dynamic_calls
warning - The type argument(s) of the function 'read' can't be inferred. Use explicit type argument(s) for 'read' - lib\features\si_console\ui\si_console_screen.dart:410:35 - inference_failure_on_function_invocation
  error - Classes can only extend other classes. Try specifying a different superclass, or removing the extends clause - lib\features\si_engine\state\si_engine_controller.dart:4:34 - extends_non_class
  error - Too many positional arguments: 0 expected, but 1 found. Try removing the extra arguments - lib\features\si_engine\state\si_engine_controller.dart:5:32 - extra_positional_arguments
  error - Classes can only extend other classes. Try specifying a different superclass, or removing the extends clause - lib\features\tasks\state\tasks_controller.dart:4:31 - extends_non_class
  error - Too many positional arguments: 0 expected, but 1 found. Try removing the extra arguments - lib\features\tasks\state\tasks_controller.dart:5:29 - extra_positional_arguments
   info - Method invocation or property access on a 'dynamic' target. Try giving the target a type - lib\features\tasks\widgets\task_card.dart:28:9 - avoid_dynamic_calls
warning - The type argument(s) of the function 'read' can't be inferred. Use explicit type argument(s) for 'read' - lib\features\tasks\widgets\task_card.dart:28:13 - inference_failure_on_function_invocation
   info - Method invocation or property access on a 'dynamic' target. Try giving the target a type - lib\features\tasks\widgets\task_card.dart:29:9 - avoid_dynamic_calls
warning - The type argument(s) of the function 'read' can't be inferred. Use explicit type argument(s) for 'read' - lib\features\tasks\widgets\task_card.dart:29:13 - inference_failure_on_function_invocation
   info - Method invocation or property access on a 'dynamic' target. Try giving the target a type - lib\features\tasks\widgets\task_card.dart:30:9 - avoid_dynamic_calls
warning - The type argument(s) of the function 'read' can't be inferred. Use explicit type argument(s) for 'read' - lib\features\tasks\widgets\task_card.dart:30:13 - inference_failure_on_function_invocation
  error - Classes can only extend other classes. Try specifying a different superclass, or removing the extends clause - lib\features\user\state\user_controller.dart:4:30 - extends_non_class
  error - Too many positional arguments: 0 expected, but 1 found. Try removing the extra arguments - lib\features\user\state\user_controller.dart:5:28 - extra_positional_arguments
   info - Method invocation or property access on a 'dynamic' target. Try giving the target a type - lib\main.dart:79:5 - avoid_dynamic_calls
warning - The type argument(s) of the function 'read' can't be inferred. Use explicit type argument(s) for 'read' - lib\main.dart:79:9 - inference_failure_on_function_invocation
   info - Method invocation or property access on a 'dynamic' target. Try giving the target a type - lib\onboarding\onboarding_screen.dart:35:17 - avoid_dynamic_calls
warning - The type argument(s) of the function 'read' can't be inferred. Use explicit type argument(s) for 'read' - lib\onboarding\onboarding_screen.dart:35:21 - inference_failure_on_function_invocation
  error - The function 'StateProvider' isn't defined. Try importing the library that defines 'StateProvider', correcting the name to the name of an existing function, or defining a function named 'StateProvider' - lib\state\controllers\ai_controller.dart:27:27 - undefined_function
  error - The function 'StateProvider' isn't defined. Try importing the library that defines 'StateProvider', correcting the name to the name of an existing function, or defining a function named 'StateProvider' - lib\state\controllers\ai_controller.dart:28:30 - undefined_function
  error - The function 'StateProvider' isn't defined. Try importing the library that defines 'StateProvider', correcting the name to the name of an existing function, or defining a function named 'StateProvider' - lib\state\controllers\ai_controller.dart:29:31 - undefined_function
  error - The function 'StateProvider' isn't defined. Try importing the library that defines 'StateProvider', correcting the name to the name of an existing function, or defining a function named 'StateProvider' - lib\state\controllers\ai_controller.dart:30:25 - undefined_function
  error - The function 'StateProvider' isn't defined. Try importing the library that defines 'StateProvider', correcting the name to the name of an existing function, or defining a function named 'StateProvider' - lib\state\controllers\ai_controller.dart:31:35 - undefined_function
warning - The type argument(s) of the function 'watch' can't be inferred. Use explicit type argument(s) for 'watch' - lib\state\controllers\ai_controller.dart:101:18 - inference_failure_on_function_invocation
warning - The type argument(s) of the function 'watch' can't be inferred. Use explicit type argument(s) for 'watch' - lib\state\controllers\ai_controller.dart:102:24 - inference_failure_on_function_invocation
  error - The argument type 'dynamic' can't be assigned to the parameter type 'SIState'.  - lib\state\controllers\ai_controller.dart:104:34 - argument_type_not_assignable
  error - The argument type 'dynamic' can't be assigned to the parameter type 'LearningState'.  - lib\state\controllers\ai_controller.dart:104:48 - argument_type_not_assignable
   info - Method invocation or property access on a 'dynamic' target. Try giving the target a type - lib\state\controllers\ai_controller.dart:108:5 - avoid_dynamic_calls
warning - The type argument(s) of the function 'read' can't be inferred. Use explicit type argument(s) for 'read' - lib\state\controllers\ai_controller.dart:108:9 - inference_failure_on_function_invocation
   info - Method invocation or property access on a 'dynamic' target. Try giving the target a type - lib\state\controllers\ai_controller.dart:135:5 - avoid_dynamic_calls
warning - The type argument(s) of the function 'read' can't be inferred. Use explicit type argument(s) for 'read' - lib\state\controllers\ai_controller.dart:135:9 - inference_failure_on_function_invocation
warning - The type argument(s) of the function 'read' can't be inferred. Use explicit type argument(s) for 'read' - lib\state\controllers\ai_controller.dart:150:22 - inference_failure_on_function_invocation
warning - The type argument(s) of the function 'read' can't be inferred. Use explicit type argument(s) for 'read' - lib\state\controllers\ai_controller.dart:151:28 - inference_failure_on_function_invocation
   info - Method invocation or property access on a 'dynamic' target. Try giving the target a type - lib\state\controllers\ai_controller.dart:163:9 - avoid_dynamic_calls
warning - The type argument(s) of the function 'read' can't be inferred. Use explicit type argument(s) for 'read' - lib\state\controllers\ai_controller.dart:163:13 - inference_failure_on_function_invocation
   info - Method invocation or property access on a 'dynamic' target. Try giving the target a type - lib\state\controllers\ai_controller.dart:181:9 - avoid_dynamic_calls
warning - The type argument(s) of the function 'read' can't be inferred. Use explicit type argument(s) for 'read' - lib\state\controllers\ai_controller.dart:181:13 - inference_failure_on_function_invocation
   info - Method invocation or property access on a 'dynamic' target. Try giving the target a type - lib\state\controllers\ai_controller.dart:191:7 - avoid_dynamic_calls
warning - The type argument(s) of the function 'read' can't be inferred. Use explicit type argument(s) for 'read' - lib\state\controllers\ai_controller.dart:191:11 - inference_failure_on_function_invocation
  error - The argument type 'dynamic' can't be assigned to the parameter type 'SIState?'.  - lib\state\controllers\ai_controller.dart:210:15 - argument_type_not_assignable
  error - The argument type 'dynamic' can't be assigned to the parameter type 'LearningState?'.  - lib\state\controllers\ai_controller.dart:211:21 - argument_type_not_assignable
   info - Method invocation or property access on a 'dynamic' target. Try giving the target a type - lib\state\controllers\ai_controller.dart:215:7 - avoid_dynamic_calls
warning - The type argument(s) of the function 'read' can't be inferred. Use explicit type argument(s) for 'read' - lib\state\controllers\ai_controller.dart:215:11 - inference_failure_on_function_invocation
   info - Method invocation or property access on a 'dynamic' target. Try giving the target a type - lib\state\controllers\ai_controller.dart:238:7 - avoid_dynamic_calls
warning - The type argument(s) of the function 'read' can't be inferred. Use explicit type argument(s) for 'read' - lib\state\controllers\ai_controller.dart:238:11 - inference_failure_on_function_invocation
   info - Method invocation or property access on a 'dynamic' target. Try giving the target a type - lib\state\controllers\ai_controller.dart:249:7 - avoid_dynamic_calls
warning - The type argument(s) of the function 'read' can't be inferred. Use explicit type argument(s) for 'read' - lib\state\controllers\ai_controller.dart:249:11 - inference_failure_on_function_invocation
  error - The getter 'valueOrNull' isn't defined for the type 'AsyncValue<AIRecommendation?>'. Try importing the library that defines 'valueOrNull', correcting the name to the name of an existing getter, or defining a getter or field named 'valueOrNull' - lib\state\controllers\ai_controller.dart:286:68 - undefined_getter
  error - The function 'StateNotifierProvider' isn't defined. Try importing the library that defines 'StateNotifierProvider', correcting the name to the name of an existing function, or defining a function named 'StateNotifierProvider' - lib\state\controllers\app_flow_controller.dart:17:25 - undefined_function
  error - Classes can only extend other classes. Try specifying a different superclass, or removing the extends clause - lib\state\controllers\app_flow_controller.dart:21:33 - extends_non_class
  error - Too many positional arguments: 0 expected, but 1 found. Try removing the extra arguments - lib\state\controllers\app_flow_controller.dart:22:31 - extra_positional_arguments
  error - Undefined name 'state'. Try correcting the name to one that is defined, or defining the name - lib\state\controllers\app_flow_controller.dart:24:21 - undefined_identifier
  error - Undefined name 'state'. Try correcting the name to one that is defined, or defining the name - lib\state\controllers\app_flow_controller.dart:25:26 - undefined_identifier
  error - Undefined name 'state'. Try correcting the name to one that is defined, or defining the name - lib\state\controllers\app_flow_controller.dart:26:21 - undefined_identifier
  error - Undefined name 'state'. Try correcting the name to one that is defined, or defining the name - lib\state\controllers\app_flow_controller.dart:27:23 - undefined_identifier
  error - Undefined name 'state'. Try correcting the name to one that is defined, or defining the name - lib\state\controllers\app_flow_controller.dart:28:23 - undefined_identifier
  error - Undefined name 'state'. Try correcting the name to one that is defined, or defining the name - lib\state\controllers\app_flow_controller.dart:29:23 - undefined_identifier
  error - Undefined name 'state'. Try correcting the name to one that is defined, or defining the name - lib\state\controllers\app_flow_controller.dart:30:24 - undefined_identifier
  error - Undefined name 'state'. Try correcting the name to one that is defined, or defining the name - lib\state\controllers\app_flow_controller.dart:31:27 - undefined_identifier
  error - Undefined name 'state'. Try correcting the name to one that is defined, or defining the name - lib\state\controllers\app_flow_controller.dart:32:20 - undefined_identifier
  error - Undefined name 'state'. Try correcting the name to one that is defined, or defining the name - lib\state\controllers\app_flow_controller.dart:33:23 - undefined_identifier
  error - Undefined name 'state'. Try correcting the name to one that is defined, or defining the name - lib\state\controllers\app_flow_controller.dart:34:23 - undefined_identifier
  error - The function 'StateNotifierProvider' isn't defined. Try importing the library that defines 'StateNotifierProvider', correcting the name to the name of an existing function, or defining a function named 'StateNotifierProvider' - lib\state\controllers\coach_controller.dart:7:33 - undefined_function
warning - The type of 'ref' can't be inferred; a type must be explicitly provided. Try specifying the type of the parameter - lib\state\controllers\coach_controller.dart:7:85 - inference_failure_on_untyped_parameter
  error - The argument type 'dynamic' can't be assigned to the parameter type 'Ref'.  - lib\state\controllers\coach_controller.dart:8:26 - argument_type_not_assignable
  error - Classes can only extend other classes. Try specifying a different superclass, or removing the extends clause - lib\state\controllers\coach_controller.dart:11:31 - extends_non_class
  error - Too many positional arguments: 0 expected, but 1 found. Try removing the extra arguments - lib\state\controllers\coach_controller.dart:12:37 - extra_positional_arguments
  error - Undefined name 'state'. Try correcting the name to one that is defined, or defining the name - lib\state\controllers\coach_controller.dart:19:5 - undefined_identifier
  error - Undefined name 'state'. Try correcting the name to one that is defined, or defining the name - lib\state\controllers\coach_controller.dart:19:13 - undefined_identifier
  error - Undefined name 'state'. Try correcting the name to one that is defined, or defining the name - lib\state\controllers\coach_controller.dart:36:7 - undefined_identifier
  error - Undefined name 'state'. Try correcting the name to one that is defined, or defining the name - lib\state\controllers\coach_controller.dart:36:15 - undefined_identifier
  error - Undefined name 'state'. Try correcting the name to one that is defined, or defining the name - lib\state\controllers\coach_controller.dart:38:7 - undefined_identifier
  error - Undefined name 'state'. Try correcting the name to one that is defined, or defining the name - lib\state\controllers\coach_controller.dart:38:15 - undefined_identifier
warning - The type argument(s) of the function 'read' can't be inferred. Use explicit type argument(s) for 'read' - lib\state\controllers\focus_session_controller.dart:36:21 - inference_failure_on_function_invocation
warning - The type argument(s) of the function 'read' can't be inferred. Use explicit type argument(s) for 'read' - lib\state\controllers\focus_session_controller.dart:37:27 - inference_failure_on_function_invocation
  error - The argument type 'dynamic' can't be assigned to the parameter type 'SIState'.  - lib\state\controllers\focus_session_controller.dart:38:44 - argument_type_not_assignable
  error - The argument type 'dynamic' can't be assigned to the parameter type 'LearningState'.  - lib\state\controllers\focus_session_controller.dart:38:58 - argument_type_not_assignable
   info - Method invocation or property access on a 'dynamic' target. Try giving the target a type - lib\state\controllers\focus_session_controller.dart:40:11 - avoid_dynamic_calls
warning - The type argument(s) of the function 'read' can't be inferred. Use explicit type argument(s) for 'read' - lib\state\controllers\focus_session_controller.dart:40:16 - inference_failure_on_function_invocation
   info - Method invocation or property access on a 'dynamic' target. Try giving the target a type - lib\state\controllers\focus_session_controller.dart:41:5 - avoid_dynamic_calls
warning - The type argument(s) of the function 'read' can't be inferred. Use explicit type argument(s) for 'read' - lib\state\controllers\focus_session_controller.dart:42:10 - inference_failure_on_function_invocation
   info - Method invocation or property access on a 'dynamic' target. Try giving the target a type - lib\state\controllers\focus_session_controller.dart:48:5 - avoid_dynamic_calls
warning - The type argument(s) of the function 'read' can't be inferred. Use explicit type argument(s) for 'read' - lib\state\controllers\focus_session_controller.dart:49:10 - inference_failure_on_function_invocation
   info - Method invocation or property access on a 'dynamic' target. Try giving the target a type - lib\state\controllers\focus_session_controller.dart:55:5 - avoid_dynamic_calls
warning - The type argument(s) of the function 'read' can't be inferred. Use explicit type argument(s) for 'read' - lib\state\controllers\focus_session_controller.dart:56:10 - inference_failure_on_function_invocation
  error - The getter 'valueOrNull' isn't defined for the type 'AsyncValue<AIRecommendation?>'. Try importing the library that defines 'valueOrNull', correcting the name to the name of an existing getter, or defining a getter or field named 'valueOrNull' - lib\state\controllers\focus_session_controller.dart:69:54 - undefined_getter
   info - Method invocation or property access on a 'dynamic' target. Try giving the target a type - lib\state\controllers\focus_session_controller.dart:70:5 - avoid_dynamic_calls
warning - The type argument(s) of the function 'read' can't be inferred. Use explicit type argument(s) for 'read' - lib\state\controllers\focus_session_controller.dart:70:10 - inference_failure_on_function_invocation
   info - Method invocation or property access on a 'dynamic' target. Try giving the target a type - lib\state\controllers\focus_session_controller.dart:79:5 - avoid_dynamic_calls
warning - The type argument(s) of the function 'read' can't be inferred. Use explicit type argument(s) for 'read' - lib\state\controllers\focus_session_controller.dart:79:10 - inference_failure_on_function_invocation
   info - Method invocation or property access on a 'dynamic' target. Try giving the target a type - lib\state\controllers\focus_session_controller.dart:80:5 - avoid_dynamic_calls
warning - The type argument(s) of the function 'read' can't be inferred. Use explicit type argument(s) for 'read' - lib\state\controllers\focus_session_controller.dart:80:10 - inference_failure_on_function_invocation
warning - The type argument(s) of the function 'read' can't be inferred. Use explicit type argument(s) for 'read' - lib\state\controllers\focus_session_controller.dart:111:21 - inference_failure_on_function_invocation
warning - The type argument(s) of the function 'read' can't be inferred. Use explicit type argument(s) for 'read' - lib\state\controllers\focus_session_controller.dart:112:27 - inference_failure_on_function_invocation
  error - The argument type 'dynamic' can't be assigned to the parameter type 'SIState'.  - lib\state\controllers\focus_session_controller.dart:113:44 - argument_type_not_assignable
  error - The argument type 'dynamic' can't be assigned to the parameter type 'LearningState'.  - lib\state\controllers\focus_session_controller.dart:113:58 - argument_type_not_assignable
   info - Method invocation or property access on a 'dynamic' target. Try giving the target a type - lib\state\controllers\focus_session_controller.dart:115:11 - avoid_dynamic_calls
warning - The type argument(s) of the function 'read' can't be inferred. Use explicit type argument(s) for 'read' - lib\state\controllers\focus_session_controller.dart:115:16 - inference_failure_on_function_invocation
   info - Method invocation or property access on a 'dynamic' target. Try giving the target a type - lib\state\controllers\focus_session_controller.dart:116:5 - avoid_dynamic_calls
warning - The type argument(s) of the function 'read' can't be inferred. Use explicit type argument(s) for 'read' - lib\state\controllers\focus_session_controller.dart:117:10 - inference_failure_on_function_invocation
   info - Method invocation or property access on a 'dynamic' target. Try giving the target a type - lib\state\controllers\focus_session_controller.dart:123:5 - avoid_dynamic_calls
warning - The type argument(s) of the function 'read' can't be inferred. Use explicit type argument(s) for 'read' - lib\state\controllers\focus_session_controller.dart:124:10 - inference_failure_on_function_invocation
   info - Method invocation or property access on a 'dynamic' target. Try giving the target a type - lib\state\controllers\focus_session_controller.dart:130:5 - avoid_dynamic_calls
warning - The type argument(s) of the function 'read' can't be inferred. Use explicit type argument(s) for 'read' - lib\state\controllers\focus_session_controller.dart:131:10 - inference_failure_on_function_invocation
   info - Method invocation or property access on a 'dynamic' target. Try giving the target a type - lib\state\controllers\focus_session_controller.dart:143:5 - avoid_dynamic_calls
warning - The type argument(s) of the function 'read' can't be inferred. Use explicit type argument(s) for 'read' - lib\state\controllers\focus_session_controller.dart:143:10 - inference_failure_on_function_invocation
   info - Method invocation or property access on a 'dynamic' target. Try giving the target a type - lib\state\controllers\focus_session_controller.dart:156:5 - avoid_dynamic_calls
warning - The type argument(s) of the function 'read' can't be inferred. Use explicit type argument(s) for 'read' - lib\state\controllers\focus_session_controller.dart:156:10 - inference_failure_on_function_invocation
   info - Method invocation or property access on a 'dynamic' target. Try giving the target a type - lib\state\controllers\focus_session_controller.dart:157:5 - avoid_dynamic_calls
warning - The type argument(s) of the function 'read' can't be inferred. Use explicit type argument(s) for 'read' - lib\state\controllers\focus_session_controller.dart:157:10 - inference_failure_on_function_invocation
warning - The type argument(s) of the function 'watch' can't be inferred. Use explicit type argument(s) for 'watch' - lib\state\controllers\insight_controller.dart:21:21 - inference_failure_on_function_invocation
   info - Method invocation or property access on a 'dynamic' target. Try giving the target a type - lib\state\controllers\insight_controller.dart:24:8 - avoid_dynamic_calls
   info - Method invocation or property access on a 'dynamic' target. Try giving the target a type - lib\state\controllers\insight_controller.dart:24:8 - avoid_dynamic_calls
  error - A negation operand must have a static type of 'bool'. Try changing the operand to the '!' operator - lib\state\controllers\insight_controller.dart:24:8 - non_bool_negation_expression
   info - Method invocation or property access on a 'dynamic' target. Try giving the target a type - lib\state\controllers\insight_controller.dart:27:69 - avoid_dynamic_calls
  error - The argument type 'dynamic' can't be assigned to the parameter type 'int'.  - lib\state\controllers\insight_controller.dart:27:69 - argument_type_not_assignable
  error - The function 'StateNotifierProvider' isn't defined. Try importing the library that defines 'StateNotifierProvider', correcting the name to the name of an existing function, or defining a function named 'StateNotifierProvider' - lib\state\controllers\learning_controller.dart:11:5 - undefined_function
warning - The type of 'ref' can't be inferred; a type must be explicitly provided. Try specifying the type of the parameter - lib\state\controllers\learning_controller.dart:11:63 - inference_failure_on_untyped_parameter
   info - Method invocation or property access on a 'dynamic' target. Try giving the target a type - lib\state\controllers\learning_controller.dart:12:33 - avoid_dynamic_calls
  error - The argument type 'dynamic' can't be assigned to the parameter type 'SecureStore'.  - lib\state\controllers\learning_controller.dart:12:33 - argument_type_not_assignable
  error - Classes can only extend other classes. Try specifying a different superclass, or removing the extends clause - lib\state\controllers\learning_controller.dart:15:34 - extends_non_class
  error - Too many positional arguments: 0 expected, but 1 found. Try removing the extra arguments - lib\state\controllers\learning_controller.dart:16:43 - extra_positional_arguments
  error - Too many positional arguments: 0 expected, but 1 found. Try removing the extra arguments - lib\state\controllers\learning_controller.dart:21:13 - extra_positional_arguments
  error - Undefined name 'state'. Try correcting the name to one that is defined, or defining the name - lib\state\controllers\learning_controller.dart:33:7 - undefined_identifier
  error - Undefined name 'state'. Try correcting the name to one that is defined, or defining the name - lib\state\controllers\learning_controller.dart:40:64 - undefined_identifier
  error - Undefined name 'state'. Try correcting the name to one that is defined, or defining the name - lib\state\controllers\learning_controller.dart:48:5 - undefined_identifier
  error - Undefined name 'state'. Try correcting the name to one that is defined, or defining the name - lib\state\controllers\learning_controller.dart:53:5 - undefined_identifier
  error - The function 'StateNotifierProvider' isn't defined. Try importing the library that defines 'StateNotifierProvider', correcting the name to the name of an existing function, or defining a function named 'StateNotifierProvider' - lib\state\controllers\profile_controller.dart:76:25 - undefined_function
  error - Classes can only extend other classes. Try specifying a different superclass, or removing the extends clause - lib\state\controllers\profile_controller.dart:80:33 - extends_non_class
  error - Too many positional arguments: 0 expected, but 1 found. Try removing the extra arguments - lib\state\controllers\profile_controller.dart:81:31 - extra_positional_arguments
  error - Undefined name 'state'. Try correcting the name to one that is defined, or defining the name - lib\state\controllers\profile_controller.dart:95:7 - undefined_identifier
  error - Undefined name 'state'. Try correcting the name to one that is defined, or defining the name - lib\state\controllers\profile_controller.dart:100:46 - undefined_identifier
  error - Undefined name 'state'. Try correcting the name to one that is defined, or defining the name - lib\state\controllers\profile_controller.dart:104:23 - undefined_identifier
  error - Undefined name 'state'. Try correcting the name to one that is defined, or defining the name - lib\state\controllers\profile_controller.dart:106:40 - undefined_identifier
  error - Undefined name 'state'. Try correcting the name to one that is defined, or defining the name - lib\state\controllers\profile_controller.dart:109:18 - undefined_identifier
  error - Undefined name 'state'. Try correcting the name to one that is defined, or defining the name - lib\state\controllers\profile_controller.dart:110:18 - undefined_identifier
  error - Undefined name 'state'. Try correcting the name to one that is defined, or defining the name - lib\state\controllers\profile_controller.dart:111:25 - undefined_identifier
  error - Undefined name 'state'. Try correcting the name to one that is defined, or defining the name - lib\state\controllers\profile_controller.dart:116:5 - undefined_identifier
  error - Undefined name 'state'. Try correcting the name to one that is defined, or defining the name - lib\state\controllers\profile_controller.dart:116:13 - undefined_identifier
  error - Undefined name 'state'. Try correcting the name to one that is defined, or defining the name - lib\state\controllers\profile_controller.dart:128:5 - undefined_identifier
  error - Undefined name 'state'. Try correcting the name to one that is defined, or defining the name - lib\state\controllers\profile_controller.dart:128:13 - undefined_identifier
  error - Undefined name 'state'. Try correcting the name to one that is defined, or defining the name - lib\state\controllers\profile_controller.dart:132:5 - undefined_identifier
  error - Undefined name 'state'. Try correcting the name to one that is defined, or defining the name - lib\state\controllers\profile_controller.dart:132:13 - undefined_identifier
  error - Undefined name 'state'. Try correcting the name to one that is defined, or defining the name - lib\state\controllers\profile_controller.dart:132:56 - undefined_identifier
  error - Undefined name 'state'. Try correcting the name to one that is defined, or defining the name - lib\state\controllers\profile_controller.dart:137:5 - undefined_identifier
  error - Undefined name 'state'. Try correcting the name to one that is defined, or defining the name - lib\state\controllers\profile_controller.dart:137:13 - undefined_identifier
  error - Undefined name 'state'. Try correcting the name to one that is defined, or defining the name - lib\state\controllers\profile_controller.dart:144:18 - undefined_identifier
  error - Undefined name 'state'. Try correcting the name to one that is defined, or defining the name - lib\state\controllers\profile_controller.dart:145:18 - undefined_identifier
  error - Undefined name 'state'. Try correcting the name to one that is defined, or defining the name - lib\state\controllers\profile_controller.dart:146:25 - undefined_identifier
  error - Undefined name 'state'. Try correcting the name to one that is defined, or defining the name - lib\state\controllers\profile_controller.dart:150:5 - undefined_identifier
  error - Undefined name 'state'. Try correcting the name to one that is defined, or defining the name - lib\state\controllers\profile_controller.dart:150:13 - undefined_identifier
  error - Undefined name 'state'. Try correcting the name to one that is defined, or defining the name - lib\state\controllers\profile_controller.dart:159:5 - undefined_identifier
  error - Undefined name 'state'. Try correcting the name to one that is defined, or defining the name - lib\state\controllers\profile_controller.dart:159:13 - undefined_identifier
  error - Classes can only extend other classes. Try specifying a different superclass, or removing the extends clause - lib\state\controllers\si_state_controller.dart:7:33 - extends_non_class
  error - Too many positional arguments: 0 expected, but 1 found. Try removing the extra arguments - lib\state\controllers\si_state_controller.dart:8:31 - extra_positional_arguments
  error - No associated positional super constructor parameter. Try using a normal parameter, or adding more positional parameters to the super constructor - lib\state\controllers\si_state_controller.dart:12:34 - super_formal_parameter_without_associated_positional
  error - Undefined name 'state'. Try correcting the name to one that is defined, or defining the name - lib\state\controllers\si_state_controller.dart:18:7 - undefined_identifier
  error - Undefined name 'state'. Try correcting the name to one that is defined, or defining the name - lib\state\controllers\si_state_controller.dart:29:5 - undefined_identifier
  error - Undefined name 'state'. Try correcting the name to one that is defined, or defining the name - lib\state\controllers\si_state_controller.dart:29:13 - undefined_identifier
  error - Undefined name 'state'. Try correcting the name to one that is defined, or defining the name - lib\state\controllers\si_state_controller.dart:30:16 - undefined_identifier
  error - Undefined name 'state'. Try correcting the name to one that is defined, or defining the name - lib\state\controllers\si_state_controller.dart:31:17 - undefined_identifier
  error - Undefined name 'state'. Try correcting the name to one that is defined, or defining the name - lib\state\controllers\si_state_controller.dart:32:23 - undefined_identifier
  error - Undefined name 'state'. Try correcting the name to one that is defined, or defining the name - lib\state\controllers\si_state_controller.dart:37:5 - undefined_identifier
  error - Undefined name 'state'. Try correcting the name to one that is defined, or defining the name - lib\state\controllers\si_state_controller.dart:37:13 - undefined_identifier
  error - Undefined name 'state'. Try correcting the name to one that is defined, or defining the name - lib\state\controllers\si_state_controller.dart:37:38 - undefined_identifier
  error - Undefined name 'state'. Try correcting the name to one that is defined, or defining the name - lib\state\controllers\si_state_controller.dart:41:5 - undefined_identifier
  error - Undefined name 'state'. Try correcting the name to one that is defined, or defining the name - lib\state\controllers\si_state_controller.dart:41:13 - undefined_identifier
  error - Undefined name 'state'. Try correcting the name to one that is defined, or defining the name - lib\state\controllers\si_state_controller.dart:41:37 - undefined_identifier
  error - Undefined name 'state'. Try correcting the name to one that is defined, or defining the name - lib\state\controllers\si_state_controller.dart:45:5 - undefined_identifier
  error - Undefined name 'state'. Try correcting the name to one that is defined, or defining the name - lib\state\controllers\si_state_controller.dart:45:13 - undefined_identifier
  error - Undefined name 'state'. Try correcting the name to one that is defined, or defining the name - lib\state\controllers\si_state_controller.dart:45:38 - undefined_identifier
  error - Undefined name 'state'. Try correcting the name to one that is defined, or defining the name - lib\state\controllers\si_state_controller.dart:53:5 - undefined_identifier
  error - Undefined name 'state'. Try correcting the name to one that is defined, or defining the name - lib\state\controllers\si_state_controller.dart:53:13 - undefined_identifier
  error - Undefined name 'state'. Try correcting the name to one that is defined, or defining the name - lib\state\controllers\si_state_controller.dart:56:41 - undefined_identifier
  error - Undefined name 'state'. Try correcting the name to one that is defined, or defining the name - lib\state\controllers\si_state_controller.dart:61:5 - undefined_identifier
  error - The function 'StateNotifierProvider' isn't defined. Try importing the library that defines 'StateNotifierProvider', correcting the name to the name of an existing function, or defining a function named 'StateNotifierProvider' - lib\state\controllers\si_state_controller.dart:65:25 - undefined_function
  error - The function 'StateNotifierProvider' isn't defined. Try importing the library that defines 'StateNotifierProvider', correcting the name to the name of an existing function, or defining a function named 'StateNotifierProvider' - lib\state\controllers\voice_controller.dart:50:33 - undefined_function
warning - The type of 'ref' can't be inferred; a type must be explicitly provided. Try specifying the type of the parameter - lib\state\controllers\voice_controller.dart:50:85 - inference_failure_on_untyped_parameter
  error - The argument type 'dynamic' can't be assigned to the parameter type 'Ref'.  - lib\state\controllers\voice_controller.dart:51:26 - argument_type_not_assignable
  error - Classes can only extend other classes. Try specifying a different superclass, or removing the extends clause - lib\state\controllers\voice_controller.dart:54:31 - extends_non_class
  error - Too many positional arguments: 0 expected, but 1 found. Try removing the extra arguments - lib\state\controllers\voice_controller.dart:55:52 - extra_positional_arguments
  error - Undefined name 'state'. Try correcting the name to one that is defined, or defining the name - lib\state\controllers\voice_controller.dart:61:9 - undefined_identifier
  error - Undefined name 'state'. Try correcting the name to one that is defined, or defining the name - lib\state\controllers\voice_controller.dart:67:11 - undefined_identifier
  error - Undefined name 'state'. Try correcting the name to one that is defined, or defining the name - lib\state\controllers\voice_controller.dart:67:19 - undefined_identifier
  error - Undefined name 'state'. Try correcting the name to one that is defined, or defining the name - lib\state\controllers\voice_controller.dart:71:13 - undefined_identifier
  error - Undefined name 'state'. Try correcting the name to one that is defined, or defining the name - lib\state\controllers\voice_controller.dart:71:21 - undefined_identifier
  error - Undefined name 'state'. Try correcting the name to one that is defined, or defining the name - lib\state\controllers\voice_controller.dart:76:7 - undefined_identifier
  error - Undefined name 'state'. Try correcting the name to one that is defined, or defining the name - lib\state\controllers\voice_controller.dart:76:15 - undefined_identifier
  error - Undefined name 'state'. Try correcting the name to one that is defined, or defining the name - lib\state\controllers\voice_controller.dart:83:7 - undefined_identifier
  error - Undefined name 'state'. Try correcting the name to one that is defined, or defining the name - lib\state\controllers\voice_controller.dart:83:15 - undefined_identifier
  error - Undefined name 'state'. Try correcting the name to one that is defined, or defining the name - lib\state\controllers\voice_controller.dart:92:7 - undefined_identifier
  error - Undefined name 'state'. Try correcting the name to one that is defined, or defining the name - lib\state\controllers\voice_controller.dart:92:15 - undefined_identifier
  error - Undefined name 'state'. Try correcting the name to one that is defined, or defining the name - lib\state\controllers\voice_controller.dart:100:5 - undefined_identifier
  error - Undefined name 'state'. Try correcting the name to one that is defined, or defining the name - lib\state\controllers\voice_controller.dart:100:13 - undefined_identifier
  error - Undefined name 'state'. Try correcting the name to one that is defined, or defining the name - lib\state\controllers\voice_controller.dart:112:7 - undefined_identifier
  error - Undefined name 'state'. Try correcting the name to one that is defined, or defining the name - lib\state\controllers\voice_controller.dart:112:15 - undefined_identifier
  error - Undefined name 'state'. Try correcting the name to one that is defined, or defining the name - lib\state\controllers\voice_controller.dart:117:7 - undefined_identifier
  error - Undefined name 'state'. Try correcting the name to one that is defined, or defining the name - lib\state\controllers\voice_controller.dart:117:15 - undefined_identifier
  error - Undefined name 'state'. Try correcting the name to one that is defined, or defining the name - lib\state\controllers\voice_controller.dart:126:7 - undefined_identifier
  error - Undefined name 'state'. Try correcting the name to one that is defined, or defining the name - lib\state\controllers\voice_controller.dart:126:15 - undefined_identifier
  error - Undefined name 'state'. Try correcting the name to one that is defined, or defining the name - lib\state\controllers\voice_controller.dart:128:5 - undefined_identifier
  error - Undefined name 'state'. Try correcting the name to one that is defined, or defining the name - lib\state\controllers\voice_controller.dart:128:13 - undefined_identifier
  error - Undefined name 'state'. Try correcting the name to one that is defined, or defining the name - lib\state\controllers\voice_controller.dart:135:5 - undefined_identifier
  error - Undefined name 'state'. Try correcting the name to one that is defined, or defining the name - lib\state\controllers\voice_controller.dart:135:13 - undefined_identifier
   info - Method invocation or property access on a 'dynamic' target. Try giving the target a type - lib\state\controllers\voice_controller.dart:145:5 - avoid_dynamic_calls
warning - The type argument(s) of the function 'read' can't be inferred. Use explicit type argument(s) for 'read' - lib\state\controllers\voice_controller.dart:145:10 - inference_failure_on_function_invocation
   info - Method invocation or property access on a 'dynamic' target. Try giving the target a type - lib\state\controllers\voice_controller.dart:148:13 - avoid_dynamic_calls
warning - The type argument(s) of the function 'read' can't be inferred. Use explicit type argument(s) for 'read' - lib\state\controllers\voice_controller.dart:148:18 - inference_failure_on_function_invocation
  error - Undefined name 'state'. Try correcting the name to one that is defined, or defining the name - lib\state\controllers\voice_controller.dart:150:7 - undefined_identifier
  error - Undefined name 'state'. Try correcting the name to one that is defined, or defining the name - lib\state\controllers\voice_controller.dart:150:15 - undefined_identifier
  error - The getter 'valueOrNull' isn't defined for the type 'AsyncValue<AIRecommendation?>'. Try importing the library that defines 'valueOrNull', correcting the name to the name of an existing getter, or defining a getter or field named 'valueOrNull' - lib\state\controllers\voice_controller.dart:157:70 - undefined_getter
  error - Undefined name 'state'. Try correcting the name to one that is defined, or defining the name - lib\state\controllers\voice_controller.dart:163:5 - undefined_identifier
  error - Undefined name 'state'. Try correcting the name to one that is defined, or defining the name - lib\state\controllers\voice_controller.dart:163:13 - undefined_identifier
  error - Undefined name 'state'. Try correcting the name to one that is defined, or defining the name - lib\state\controllers\voice_controller.dart:167:7 - undefined_identifier
  error - Undefined name 'state'. Try correcting the name to one that is defined, or defining the name - lib\state\controllers\voice_controller.dart:167:15 - undefined_identifier
   info - Method invocation or property access on a 'dynamic' target. Try giving the target a type - lib\state\controllers\voice_controller.dart:170:5 - avoid_dynamic_calls
warning - The type argument(s) of the function 'read' can't be inferred. Use explicit type argument(s) for 'read' - lib\state\controllers\voice_controller.dart:170:10 - inference_failure_on_function_invocation
   info - Method invocation or property access on a 'dynamic' target. Try giving the target a type - lib\state\controllers\voice_controller.dart:173:7 - avoid_dynamic_calls
warning - The type argument(s) of the function 'read' can't be inferred. Use explicit type argument(s) for 'read' - lib\state\controllers\voice_controller.dart:173:12 - inference_failure_on_function_invocation
   info - Method invocation or property access on a 'dynamic' target. Try giving the target a type - lib\state\controllers\voice_controller.dart:174:7 - avoid_dynamic_calls
warning - The type argument(s) of the function 'read' can't be inferred. Use explicit type argument(s) for 'read' - lib\state\controllers\voice_controller.dart:174:12 - inference_failure_on_function_invocation
   info - Method invocation or property access on a 'dynamic' target. Try giving the target a type - lib\state\controllers\voice_controller.dart:179:7 - avoid_dynamic_calls
warning - The type argument(s) of the function 'read' can't be inferred. Use explicit type argument(s) for 'read' - lib\state\controllers\voice_controller.dart:179:12 - inference_failure_on_function_invocation
   info - Method invocation or property access on a 'dynamic' target. Try giving the target a type - lib\state\controllers\voice_controller.dart:184:7 - avoid_dynamic_calls
warning - The type argument(s) of the function 'read' can't be inferred. Use explicit type argument(s) for 'read' - lib\state\controllers\voice_controller.dart:184:12 - inference_failure_on_function_invocation
  error - The function 'StateProvider' isn't defined. Try importing the library that defines 'StateProvider', correcting the name to the name of an existing function, or defining a function named 'StateProvider' - lib\state\core\app_providers.dart:20:30 - undefined_function
  error - The function 'StateProvider' isn't defined. Try importing the library that defines 'StateProvider', correcting the name to the name of an existing function, or defining a function named 'StateProvider' - lib\state\core\app_providers.dart:21:36 - undefined_function
  error - The name 'ProviderListenable' isn't a type, so it can't be used as a type argument. Try correcting the name to an existing type, or defining a type named 'ProviderListenable' - lib\state\core\provider_registry.dart:11:48 - non_type_as_type_argument
  error - The name 'ProviderListenable' isn't a type, so it can't be used as a type argument. Try correcting the name to an existing type, or defining a type named 'ProviderListenable' - lib\state\core\provider_registry.dart:14:11 - non_type_as_type_argument
   info - Method invocation or property access on a 'dynamic' target. Try giving the target a type - lib\state\core\state_bootstrap.dart:20:3 - avoid_dynamic_calls
warning - The type argument(s) of the function 'read' can't be inferred. Use explicit type argument(s) for 'read' - lib\state\core\state_bootstrap.dart:21:8 - inference_failure_on_function_invocation
  error - The function 'StateProvider' isn't defined. Try importing the library that defines 'StateProvider', correcting the name to the name of an existing function, or defining a function named 'StateProvider' - lib\state\providers\access_provider.dart:38:38 - undefined_function
   info - Method invocation or property access on a 'dynamic' target. Try giving the target a type - lib\state\providers\domain_usecase_providers.dart:94:5 - avoid_dynamic_calls
warning - The type argument(s) of the function 'read' can't be inferred. Use explicit type argument(s) for 'read' - lib\state\providers\domain_usecase_providers.dart:95:10 - inference_failure_on_function_invocation
   info - Method invocation or property access on a 'dynamic' target. Try giving the target a type - lib\state\providers\energy_provider.dart:6:10 - avoid_dynamic_calls
  error - The returned type 'dynamic' isn't returnable from a 'double' function, as required by the closure's context - lib\state\providers\energy_provider.dart:6:10 - return_of_invalid_type_from_closure
warning - The type argument(s) of the function 'watch' can't be inferred. Use explicit type argument(s) for 'watch' - lib\state\providers\energy_provider.dart:6:14 - inference_failure_on_function_invocation
  error - The function 'StateProvider' isn't defined. Try importing the library that defines 'StateProvider', correcting the name to the name of an existing function, or defining a function named 'StateProvider' - lib\state\providers\focus_task_provider.dart:4:27 - undefined_function
  error - The function 'StateProvider' isn't defined. Try importing the library that defines 'StateProvider', correcting the name to the name of an existing function, or defining a function named 'StateProvider' - lib\state\providers\intelligence_provider.dart:9:33 - undefined_function
  error - The function 'StateNotifierProvider' isn't defined. Try importing the library that defines 'StateNotifierProvider', correcting the name to the name of an existing function, or defining a function named 'StateNotifierProvider' - lib\state\providers\learning_history_provider.dart:9:5 - undefined_function
  error - Classes can only extend other classes. Try specifying a different superclass, or removing the extends clause - lib\state\providers\learning_history_provider.dart:26:13 - extends_non_class
  error - Too many positional arguments: 0 expected, but 1 found. Try removing the extra arguments - lib\state\providers\learning_history_provider.dart:27:39 - extra_positional_arguments
  error - Undefined name 'state'. Try correcting the name to one that is defined, or defining the name - lib\state\providers\learning_history_provider.dart:34:5 - undefined_identifier
  error - Undefined name 'state'. Try correcting the name to one that is defined, or defining the name - lib\state\providers\learning_history_provider.dart:44:10 - undefined_identifier
  error - Undefined name 'state'. Try correcting the name to one that is defined, or defining the name - lib\state\providers\learning_history_provider.dart:49:5 - undefined_identifier
  error - The function 'StateNotifierProvider' isn't defined. Try importing the library that defines 'StateNotifierProvider', correcting the name to the name of an existing function, or defining a function named 'StateNotifierProvider' - lib\state\providers\notification_provider.dart:6:5 - undefined_function
  error - Classes can only extend other classes. Try specifying a different superclass, or removing the extends clause - lib\state\providers\notification_provider.dart:10:38 - extends_non_class
warning - The type argument(s) of 'List' can't be inferred. Use explicit type argument(s) for 'List' - lib\state\providers\notification_provider.dart:11:36 - inference_failure_on_collection_literal
  error - Too many positional arguments: 0 expected, but 1 found. Try removing the extra arguments - lib\state\providers\notification_provider.dart:11:36 - extra_positional_arguments
  error - Undefined name 'state'. Try correcting the name to one that is defined, or defining the name - lib\state\providers\notification_provider.dart:14:5 - undefined_identifier
  error - Undefined name 'state'. Try correcting the name to one that is defined, or defining the name - lib\state\providers\notification_provider.dart:14:31 - undefined_identifier
  error - Undefined name 'state'. Try correcting the name to one that is defined, or defining the name - lib\state\providers\notification_provider.dart:57:5 - undefined_identifier
  error - Undefined name 'state'. Try correcting the name to one that is defined, or defining the name - lib\state\providers\notification_provider.dart:61:25 - undefined_identifier
  error - Dead code. Try removing the code, or fixing the code before it so that it can be reached - lib\state\providers\notification_provider.dart:63:5 - dead_code
  error - Undefined name 'state'. Try correcting the name to one that is defined, or defining the name - lib\state\providers\notification_provider.dart:63:5 - undefined_identifier
  error - The function 'StateProvider' isn't defined. Try importing the library that defines 'StateProvider', correcting the name to the name of an existing function, or defining a function named 'StateProvider' - lib\state\providers\paywall_provider.dart:37:31 - undefined_function
  error - The function 'StateProvider' isn't defined. Try importing the library that defines 'StateProvider', correcting the name to the name of an existing function, or defining a function named 'StateProvider' - lib\state\providers\session_score_provider.dart:5:30 - undefined_function
  error - The function 'StateNotifierProvider' isn't defined. Try importing the library that defines 'StateNotifierProvider', correcting the name to the name of an existing function, or defining a function named 'StateNotifierProvider' - lib\state\providers\si_memory_provider.dart:6:26 - undefined_function
   info - Method invocation or property access on a 'dynamic' target. Try giving the target a type - lib\state\providers\si_memory_provider.dart:13:10 - avoid_dynamic_calls
  error - The returned type 'dynamic' isn't returnable from a 'SISnapshot?' function, as required by the closure's context - lib\state\providers\si_memory_provider.dart:13:10 - return_of_invalid_type_from_closure
warning - The type argument(s) of the function 'watch' can't be inferred. Use explicit type argument(s) for 'watch' - lib\state\providers\si_memory_provider.dart:13:14 - inference_failure_on_function_invocation
  error - Classes can only extend other classes. Try specifying a different superclass, or removing the extends clause - lib\state\providers\si_memory_provider.dart:16:34 - extends_non_class
  error - Too many positional arguments: 0 expected, but 1 found. Try removing the extra arguments - lib\state\providers\si_memory_provider.dart:17:32 - extra_positional_arguments
  error - Undefined name 'state'. Try correcting the name to one that is defined, or defining the name - lib\state\providers\si_memory_provider.dart:20:5 - undefined_identifier
  error - Undefined name 'state'. Try correcting the name to one that is defined, or defining the name - lib\state\providers\si_memory_provider.dart:20:13 - undefined_identifier
  error - Undefined name 'state'. Try correcting the name to one that is defined, or defining the name - lib\state\providers\si_memory_provider.dart:24:5 - undefined_identifier
  error - Undefined name 'state'. Try correcting the name to one that is defined, or defining the name - lib\state\providers\si_memory_provider.dart:24:13 - undefined_identifier
warning - The type argument(s) of the function 'watch' can't be inferred. Use explicit type argument(s) for 'watch' - lib\state\providers\trajectory_provider.dart:9:23 - inference_failure_on_function_invocation
warning - The type argument(s) of the function 'watch' can't be inferred. Use explicit type argument(s) for 'watch' - lib\state\providers\trajectory_provider.dart:10:21 - inference_failure_on_function_invocation
warning - The type argument(s) of the function 'watch' can't be inferred. Use explicit type argument(s) for 'watch' - lib\state\providers\trajectory_provider.dart:12:24 - inference_failure_on_function_invocation
warning - The type argument(s) of the function 'watch' can't be inferred. Use explicit type argument(s) for 'watch' - lib\state\providers\trajectory_provider.dart:14:28 - inference_failure_on_function_invocation
warning - The type argument(s) of the function 'watch' can't be inferred. Use explicit type argument(s) for 'watch' - lib\state\providers\trajectory_provider.dart:15:23 - inference_failure_on_function_invocation
   info - Method invocation or property access on a 'dynamic' target. Try giving the target a type - lib\state\providers\trajectory_provider.dart:21:30 - avoid_dynamic_calls
  error - A value of type 'dynamic' can't be assigned to a variable of type 'int'. Try changing the type of the variable, or casting the right-hand type to 'int' - lib\state\providers\trajectory_provider.dart:21:30 - invalid_assignment
   info - Method invocation or property access on a 'dynamic' target. Try giving the target a type - lib\state\providers\trajectory_provider.dart:22:30 - avoid_dynamic_calls
  error - A value of type 'dynamic' can't be assigned to a variable of type 'int'. Try changing the type of the variable, or casting the right-hand type to 'int' - lib\state\providers\trajectory_provider.dart:22:30 - invalid_assignment
  error - A value of type 'dynamic' can't be assigned to a variable of type 'SessionScoreView?'. Try changing the type of the variable, or casting the right-hand type to 'SessionScoreView?' - lib\state\providers\trajectory_provider.dart:24:39 - invalid_assignment
   info - Method invocation or property access on a 'dynamic' target. Try giving the target a type - lib\state\providers\trajectory_provider.dart:31:16 - avoid_dynamic_calls
  error - Conditions must have a static type of 'bool'. Try changing the condition - lib\state\providers\trajectory_provider.dart:31:16 - non_bool_condition
   info - Method invocation or property access on a 'dynamic' target. Try giving the target a type - lib\state\providers\trajectory_provider.dart:61:12 - avoid_dynamic_calls
  error - The argument type 'dynamic' can't be assigned to the parameter type 'int'.  - lib\state\providers\trajectory_provider.dart:61:12 - argument_type_not_assignable
   info - Method invocation or property access on a 'dynamic' target. Try giving the target a type - lib\state\providers\trajectory_provider.dart:62:13 - avoid_dynamic_calls
  error - The argument type 'dynamic' can't be assigned to the parameter type 'int'.  - lib\state\providers\trajectory_provider.dart:62:13 - argument_type_not_assignable
   info - Method invocation or property access on a 'dynamic' target. Try giving the target a type - lib\ui\system\notification_center_sheet.dart:39:23 - avoid_dynamic_calls
warning - The type argument(s) of the function 'read' can't be inferred. Use explicit type argument(s) for 'read' - lib\ui\system\notification_center_sheet.dart:39:27 - inference_failure_on_function_invocation
   info - Method invocation or property access on a 'dynamic' target. Try giving the target a type - lib\ui\system\notification_center_sheet.dart:110:31 - avoid_dynamic_calls
warning - The type argument(s) of the function 'read' can't be inferred. Use explicit type argument(s) for 'read' - lib\ui\system\notification_center_sheet.dart:111:36 - inference_failure_on_function_invocation
warning - The type argument(s) of the function 'watch' can't be inferred. Use explicit type argument(s) for 'watch' - lib\ui\system\si_debug_overlay.dart:80:28 - inference_failure_on_function_invocation
warning - The type argument(s) of the function 'watch' can't be inferred. Use explicit type argument(s) for 'watch' - lib\ui\system\si_debug_overlay.dart:81:23 - inference_failure_on_function_invocation
warning - The type argument(s) of the function 'watch' can't be inferred. Use explicit type argument(s) for 'watch' - lib\ui\system\si_debug_overlay.dart:82:25 - inference_failure_on_function_invocation
  error - The getter 'valueOrNull' isn't defined for the type 'AsyncValue<AIRecommendation?>'. Try importing the library that defines 'valueOrNull', correcting the name to the name of an existing getter, or defining a getter or field named 'valueOrNull' - lib\ui\system\si_debug_overlay.dart:85:24 - undefined_getter
   info - Method invocation or property access on a 'dynamic' target. Try giving the target a type - lib\ui\system\si_debug_overlay.dart:127:25 - avoid_dynamic_calls
  error - The argument type 'dynamic' can't be assigned to the parameter type 'String'.  - lib\ui\system\si_debug_overlay.dart:127:25 - argument_type_not_assignable
   info - Method invocation or property access on a 'dynamic' target. Try giving the target a type - lib\ui\system\si_debug_overlay.dart:128:24 - avoid_dynamic_calls
  error - The argument type 'dynamic' can't be assigned to the parameter type 'String'.  - lib\ui\system\si_debug_overlay.dart:128:24 - argument_type_not_assignable
   info - Method invocation or property access on a 'dynamic' target. Try giving the target a type - lib\ui\system\si_debug_overlay.dart:129:51 - avoid_dynamic_calls
   info - Method invocation or property access on a 'dynamic' target. Try giving the target a type - lib\ui\system\si_debug_overlay.dart:137:17 - avoid_dynamic_calls
   info - Method invocation or property access on a 'dynamic' target. Try giving the target a type - lib\ui\system\si_debug_overlay.dart:137:17 - avoid_dynamic_calls
   info - Method invocation or property access on a 'dynamic' target. Try giving the target a type - lib\ui\system\si_debug_overlay.dart:138:21 - avoid_dynamic_calls
   info - Method invocation or property access on a 'dynamic' target. Try giving the target a type - lib\ui\system\si_debug_overlay.dart:138:21 - avoid_dynamic_calls
   info - Method invocation or property access on a 'dynamic' target. Try giving the target a type - lib\ui\system\si_debug_overlay.dart:142:13 - avoid_dynamic_calls
  error - Conditions must have a static type of 'bool'. Try changing the condition - lib\ui\system\si_debug_overlay.dart:142:13 - non_bool_condition
   info - Method invocation or property access on a 'dynamic' target. Try giving the target a type - lib\ui\system\si_debug_overlay.dart:144:19 - avoid_dynamic_calls
  error - Conditions must have a static type of 'bool'. Try changing the condition - lib\ui\system\si_debug_overlay.dart:144:19 - non_bool_condition
   info - Method invocation or property access on a 'dynamic' target. Try giving the target a type - lib\ui\system\si_debug_overlay.dart:151:25 - avoid_dynamic_calls
   info - Method invocation or property access on a 'dynamic' target. Try giving the target a type - lib\ui\system\si_debug_overlay.dart:152:28 - avoid_dynamic_calls
   info - Method invocation or property access on a 'dynamic' target. Try giving the target a type - lib\ui\system\si_debug_overlay.dart:153:29 - avoid_dynamic_calls
warning - The type argument(s) of the function 'watch' can't be inferred. Use explicit type argument(s) for 'watch' - lib\ui\widgets\debug_panel.dart:14:20 - inference_failure_on_function_invocation
warning - The type argument(s) of the function 'watch' can't be inferred. Use explicit type argument(s) for 'watch' - lib\ui\widgets\debug_panel.dart:15:26 - inference_failure_on_function_invocation
warning - The type argument(s) of the function 'watch' can't be inferred. Use explicit type argument(s) for 'watch' - lib\ui\widgets\debug_panel.dart:16:26 - inference_failure_on_function_invocation
   info - Method invocation or property access on a 'dynamic' target. Try giving the target a type - lib\ui\widgets\debug_panel.dart:38:33 - avoid_dynamic_calls
   info - Method invocation or property access on a 'dynamic' target. Try giving the target a type - lib\ui\widgets\debug_panel.dart:38:33 - avoid_dynamic_calls
   info - Method invocation or property access on a 'dynamic' target. Try giving the target a type - lib\ui\widgets\debug_panel.dart:39:34 - avoid_dynamic_calls
   info - Method invocation or property access on a 'dynamic' target. Try giving the target a type - lib\ui\widgets\debug_panel.dart:39:34 - avoid_dynamic_calls
   info - Method invocation or property access on a 'dynamic' target. Try giving the target a type - lib\ui\widgets\debug_panel.dart:40:36 - avoid_dynamic_calls
   info - Method invocation or property access on a 'dynamic' target. Try giving the target a type - lib\ui\widgets\debug_panel.dart:41:34 - avoid_dynamic_calls
   info - Method invocation or property access on a 'dynamic' target. Try giving the target a type - lib\ui\widgets\debug_panel.dart:45:34 - avoid_dynamic_calls
   info - Method invocation or property access on a 'dynamic' target. Try giving the target a type - lib\ui\widgets\debug_panel.dart:45:34 - avoid_dynamic_calls
   info - Method invocation or property access on a 'dynamic' target. Try giving the target a type - lib\ui\widgets\debug_panel.dart:46:36 - avoid_dynamic_calls
   info - Method invocation or property access on a 'dynamic' target. Try giving the target a type - lib\ui\widgets\debug_panel.dart:46:36 - avoid_dynamic_calls
   info - Method invocation or property access on a 'dynamic' target. Try giving the target a type - lib\ui\widgets\debug_panel.dart:47:29 - avoid_dynamic_calls
   info - Method invocation or property access on a 'dynamic' target. Try giving the target a type - lib\ui\widgets\debug_panel.dart:48:21 - avoid_dynamic_calls
   info - Method invocation or property access on a 'dynamic' target. Try giving the target a type - lib\ui\widgets\debug_panel.dart:48:65 - avoid_dynamic_calls
   info - Method invocation or property access on a 'dynamic' target. Try giving the target a type - lib\ui\widgets\debug_panel.dart:49:21 - avoid_dynamic_calls
   info - Method invocation or property access on a 'dynamic' target. Try giving the target a type - lib\ui\widgets\debug_panel.dart:49:65 - avoid_dynamic_calls
   info - Method invocation or property access on a 'dynamic' target. Try giving the target a type - lib\ui\widgets\debug_panel.dart:50:21 - avoid_dynamic_calls
   info - Method invocation or property access on a 'dynamic' target. Try giving the target a type - lib\ui\widgets\debug_panel.dart:51:35 - avoid_dynamic_calls
   info - Method invocation or property access on a 'dynamic' target. Try giving the target a type - lib\ui\widgets\debug_panel.dart:60:23 - avoid_dynamic_calls
warning - The type argument(s) of the function 'read' can't be inferred. Use explicit type argument(s) for 'read' - lib\ui\widgets\debug_panel.dart:60:27 - inference_failure_on_function_invocation
   info - Method invocation or property access on a 'dynamic' target. Try giving the target a type - lib\ui\widgets\debug_panel.dart:64:23 - avoid_dynamic_calls
warning - The type argument(s) of the function 'read' can't be inferred. Use explicit type argument(s) for 'read' - lib\ui\widgets\debug_panel.dart:64:27 - inference_failure_on_function_invocation
   info - Method invocation or property access on a 'dynamic' target. Try giving the target a type - lib\ui\widgets\debug_panel.dart:74:23 - avoid_dynamic_calls
warning - The type argument(s) of the function 'read' can't be inferred. Use explicit type argument(s) for 'read' - lib\ui\widgets\debug_panel.dart:74:27 - inference_failure_on_function_invocation
   info - Method invocation or property access on a 'dynamic' target. Try giving the target a type - lib\ui\widgets\debug_panel.dart:78:23 - avoid_dynamic_calls
warning - The type argument(s) of the function 'read' can't be inferred. Use explicit type argument(s) for 'read' - lib\ui\widgets\debug_panel.dart:78:27 - inference_failure_on_function_invocation
   info - Method invocation or property access on a 'dynamic' target. Try giving the target a type - lib\ui\widgets\debug_panel.dart:90:29 - avoid_dynamic_calls
warning - The type argument(s) of the function 'read' can't be inferred. Use explicit type argument(s) for 'read' - lib\ui\widgets\debug_panel.dart:91:28 - inference_failure_on_function_invocation
   info - Method invocation or property access on a 'dynamic' target. Try giving the target a type - lib\ui\widgets\debug_panel.dart:93:23 - avoid_dynamic_calls
warning - The type argument(s) of the function 'read' can't be inferred. Use explicit type argument(s) for 'read' - lib\ui\widgets\debug_panel.dart:93:27 - inference_failure_on_function_invocation
   info - Method invocation or property access on a 'dynamic' target. Try giving the target a type - lib\ui\widgets\debug_panel.dart:94:23 - avoid_dynamic_calls
warning - The type argument(s) of the function 'read' can't be inferred. Use explicit type argument(s) for 'read' - lib\ui\widgets\debug_panel.dart:95:28 - inference_failure_on_function_invocation
   info - Method invocation or property access on a 'dynamic' target. Try giving the target a type - lib\ui\widgets\debug_panel.dart:109:29 - avoid_dynamic_calls
warning - The type argument(s) of the function 'read' can't be inferred. Use explicit type argument(s) for 'read' - lib\ui\widgets\debug_panel.dart:110:28 - inference_failure_on_function_invocation
   info - Method invocation or property access on a 'dynamic' target. Try giving the target a type - lib\ui\widgets\debug_panel.dart:112:23 - avoid_dynamic_calls
warning - The type argument(s) of the function 'read' can't be inferred. Use explicit type argument(s) for 'read' - lib\ui\widgets\debug_panel.dart:112:27 - inference_failure_on_function_invocation
   info - Method invocation or property access on a 'dynamic' target. Try giving the target a type - lib\ui\widgets\debug_panel.dart:113:23 - avoid_dynamic_calls
warning - The type argument(s) of the function 'read' can't be inferred. Use explicit type argument(s) for 'read' - lib\ui\widgets\debug_panel.dart:114:28 - inference_failure_on_function_invocation

